Oct 17 02:11:45 gaurav-VirtualBox rsyslogd: [origin software="rsyslogd" swVersion="8.16.0" x-pid="714" x-info="http://www.rsyslog.com"] start
Oct 17 02:11:45 gaurav-VirtualBox rsyslogd-2222: command 'KLogPermitNonKernelFacility' is currently not permitted - did you already set it via a RainerScript command (v6+ config)? [v8.16.0 try http://www.rsyslog.com/e/2222 ]
Oct 17 02:11:45 gaurav-VirtualBox rsyslogd: rsyslogd's groupid changed to 108
Oct 17 02:11:45 gaurav-VirtualBox rsyslogd: rsyslogd's userid changed to 104
Oct 17 02:11:45 gaurav-VirtualBox rsyslogd-2039: Could not open output pipe '/dev/xconsole':: No such file or directory [v8.16.0 try http://www.rsyslog.com/e/2039 ]
Oct 17 02:11:45 gaurav-VirtualBox rsyslogd-2007: action 'action 10' suspended, next retry is Tue Oct 17 02:12:15 2017 [v8.16.0 try http://www.rsyslog.com/e/2007 ]
Oct 17 02:11:45 gaurav-VirtualBox kernel: [    0.000000] Linux version 4.10.0-28-generic (buildd@lgw01-12) (gcc version 5.4.0 20160609 (Ubuntu 5.4.0-6ubuntu1~16.04.4) ) #32~16.04.2-Ubuntu SMP Thu Jul 20 10:19:48 UTC 2017 (Ubuntu 4.10.0-28.32~16.04.2-generic 4.10.17)
Oct 17 02:11:45 gaurav-VirtualBox kernel: [    0.000000] Command line: BOOT_IMAGE=/boot/vmlinuz-4.10.0-28-generic root=UUID=2de09c32-a09d-4f5a-a526-f0db525861ac ro quiet splash
Oct 17 02:11:45 gaurav-VirtualBox kernel: [    0.000000] KERNEL supported cpus:
Oct 17 02:11:45 gaurav-VirtualBox kernel: [    0.000000]   Intel GenuineIntel
Oct 17 02:11:45 gaurav-VirtualBox kernel: [    0.000000]   AMD AuthenticAMD
Oct 17 02:11:45 gaurav-VirtualBox kernel: [    0.000000]   Centaur CentaurHauls
Oct 17 02:11:45 gaurav-VirtualBox kernel: [    0.000000] x86/fpu: Supporting XSAVE feature 0x001: 'x87 floating point registers'
Oct 17 02:11:45 gaurav-VirtualBox kernel: [    0.000000] x86/fpu: Supporting XSAVE feature 0x002: 'SSE registers'
Oct 17 02:11:45 gaurav-VirtualBox kernel: [    0.000000] x86/fpu: Supporting XSAVE feature 0x004: 'AVX registers'
Oct 17 02:11:45 gaurav-VirtualBox kernel: [    0.000000] x86/fpu: xstate_offset[2]:  576, xstate_sizes[2]:  256
Oct 17 02:11:45 gaurav-VirtualBox kernel: [    0.000000] x86/fpu: Enabled xstate features 0x7, context size is 832 bytes, using 'standard' format.
Oct 17 02:11:45 gaurav-VirtualBox kernel: [    0.000000] e820: BIOS-provided physical RAM map:
Oct 17 02:11:45 gaurav-VirtualBox kernel: [    0.000000] BIOS-e820: [mem 0x0000000000000000-0x000000000009fbff] usable
Oct 17 02:11:45 gaurav-VirtualBox kernel: [    0.000000] BIOS-e820: [mem 0x000000000009fc00-0x000000000009ffff] reserved
Oct 17 02:11:45 gaurav-VirtualBox kernel: [    0.000000] BIOS-e820: [mem 0x00000000000f0000-0x00000000000fffff] reserved
Oct 17 02:11:45 gaurav-VirtualBox kernel: [    0.000000] BIOS-e820: [mem 0x0000000000100000-0x000000007ffeffff] usable
Oct 17 02:11:45 gaurav-VirtualBox kernel: [    0.000000] BIOS-e820: [mem 0x000000007fff0000-0x000000007fffffff] ACPI data
Oct 17 02:11:45 gaurav-VirtualBox kernel: [    0.000000] BIOS-e820: [mem 0x00000000fec00000-0x00000000fec00fff] reserved
Oct 17 02:11:45 gaurav-VirtualBox kernel: [    0.000000] BIOS-e820: [mem 0x00000000fee00000-0x00000000fee00fff] reserved
Oct 17 02:11:45 gaurav-VirtualBox kernel: [    0.000000] BIOS-e820: [mem 0x00000000fffc0000-0x00000000ffffffff] reserved
Oct 17 02:11:45 gaurav-VirtualBox kernel: [    0.000000] NX (Execute Disable) protection: active
Oct 17 02:11:45 gaurav-VirtualBox kernel: [    0.000000] SMBIOS 2.5 present.
Oct 17 02:11:45 gaurav-VirtualBox kernel: [    0.000000] DMI: innotek GmbH VirtualBox/VirtualBox, BIOS VirtualBox 12/01/2006
Oct 17 02:11:45 gaurav-VirtualBox kernel: [    0.000000] Hypervisor detected: KVM
Oct 17 02:11:45 gaurav-VirtualBox kernel: [    0.000000] e820: update [mem 0x00000000-0x00000fff] usable ==> reserved
Oct 17 02:11:45 gaurav-VirtualBox kernel: [    0.000000] e820: remove [mem 0x000a0000-0x000fffff] usable
Oct 17 02:11:45 gaurav-VirtualBox kernel: [    0.000000] e820: last_pfn = 0x7fff0 max_arch_pfn = 0x400000000
Oct 17 02:11:45 gaurav-VirtualBox kernel: [    0.000000] MTRR default type: uncachable
Oct 17 02:11:45 gaurav-VirtualBox kernel: [    0.000000] MTRR variable ranges disabled:
Oct 17 02:11:45 gaurav-VirtualBox kernel: [    0.000000] MTRR: Disabled
Oct 17 02:11:45 gaurav-VirtualBox kernel: [    0.000000] x86/PAT: MTRRs disabled, skipping PAT initialization too.
Oct 17 02:11:45 gaurav-VirtualBox kernel: [    0.000000] x86/PAT: Configuration [0-7]: WB  WT  UC- UC  WB  WT  UC- UC  
Oct 17 02:11:45 gaurav-VirtualBox kernel: [    0.000000] CPU MTRRs all blank - virtualized system.
Oct 17 02:11:45 gaurav-VirtualBox kernel: [    0.000000] found SMP MP-table at [mem 0x0009fff0-0x0009ffff] mapped at [ffff9fd00009fff0]
Oct 17 02:11:45 gaurav-VirtualBox kernel: [    0.000000] Scanning 1 areas for low memory corruption
Oct 17 02:11:45 gaurav-VirtualBox kernel: [    0.000000] Base memory trampoline at [ffff9fd000099000] 99000 size 24576
Oct 17 02:11:45 gaurav-VirtualBox kernel: [    0.000000] BRK [0x66228000, 0x66228fff] PGTABLE
Oct 17 02:11:45 gaurav-VirtualBox kernel: [    0.000000] BRK [0x66229000, 0x66229fff] PGTABLE
Oct 17 02:11:45 gaurav-VirtualBox kernel: [    0.000000] BRK [0x6622a000, 0x6622afff] PGTABLE
Oct 17 02:11:45 gaurav-VirtualBox kernel: [    0.000000] BRK [0x6622b000, 0x6622bfff] PGTABLE
Oct 17 02:11:45 gaurav-VirtualBox kernel: [    0.000000] BRK [0x6622c000, 0x6622cfff] PGTABLE
Oct 17 02:11:45 gaurav-VirtualBox kernel: [    0.000000] BRK [0x6622d000, 0x6622dfff] PGTABLE
Oct 17 02:11:45 gaurav-VirtualBox kernel: [    0.000000] RAMDISK: [mem 0x3302a000-0x3580cfff]
Oct 17 02:11:45 gaurav-VirtualBox kernel: [    0.000000] ACPI: Early table checksum verification disabled
Oct 17 02:11:45 gaurav-VirtualBox kernel: [    0.000000] ACPI: RSDP 0x00000000000E0000 000024 (v02 VBOX  )
Oct 17 02:11:45 gaurav-VirtualBox kernel: [    0.000000] ACPI: XSDT 0x000000007FFF0030 00003C (v01 VBOX   VBOXXSDT 00000001 ASL  00000061)
Oct 17 02:11:45 gaurav-VirtualBox kernel: [    0.000000] ACPI: FACP 0x000000007FFF00F0 0000F4 (v04 VBOX   VBOXFACP 00000001 ASL  00000061)
Oct 17 02:11:45 gaurav-VirtualBox kernel: [    0.000000] ACPI: DSDT 0x000000007FFF0470 0021FF (v02 VBOX   VBOXBIOS 00000002 INTL 20100528)
Oct 17 02:11:45 gaurav-VirtualBox kernel: [    0.000000] ACPI: FACS 0x000000007FFF0200 000040
Oct 17 02:11:45 gaurav-VirtualBox kernel: [    0.000000] ACPI: FACS 0x000000007FFF0200 000040
Oct 17 02:11:45 gaurav-VirtualBox kernel: [    0.000000] ACPI: APIC 0x000000007FFF0240 000054 (v02 VBOX   VBOXAPIC 00000001 ASL  00000061)
Oct 17 02:11:45 gaurav-VirtualBox kernel: [    0.000000] ACPI: SSDT 0x000000007FFF02A0 0001CC (v01 VBOX   VBOXCPUT 00000002 INTL 20100528)
Oct 17 02:11:45 gaurav-VirtualBox kernel: [    0.000000] ACPI: Local APIC address 0xfee00000
Oct 17 02:11:45 gaurav-VirtualBox kernel: [    0.000000] No NUMA configuration found
Oct 17 02:11:45 gaurav-VirtualBox kernel: [    0.000000] Faking a node at [mem 0x0000000000000000-0x000000007ffeffff]
Oct 17 02:11:45 gaurav-VirtualBox kernel: [    0.000000] NODE_DATA(0) allocated [mem 0x7ffc5000-0x7ffeffff]
Oct 17 02:11:45 gaurav-VirtualBox kernel: [    0.000000] kvm-clock: Using msrs 4b564d01 and 4b564d00
Oct 17 02:11:45 gaurav-VirtualBox kernel: [    0.000000] kvm-clock: cpu 0, msr 0:7ff45001, primary cpu clock
Oct 17 02:11:45 gaurav-VirtualBox kernel: [    0.000000] kvm-clock: using sched offset of 688194851121 cycles
Oct 17 02:11:45 gaurav-VirtualBox kernel: [    0.000000] clocksource: kvm-clock: mask: 0xffffffffffffffff max_cycles: 0x1cd42e4dffb, max_idle_ns: 881590591483 ns
Oct 17 02:11:45 gaurav-VirtualBox kernel: [    0.000000] Zone ranges:
Oct 17 02:11:45 gaurav-VirtualBox kernel: [    0.000000]   DMA      [mem 0x0000000000001000-0x0000000000ffffff]
Oct 17 02:11:45 gaurav-VirtualBox kernel: [    0.000000]   DMA32    [mem 0x0000000001000000-0x000000007ffeffff]
Oct 17 02:11:45 gaurav-VirtualBox kernel: [    0.000000]   Normal   empty
Oct 17 02:11:45 gaurav-VirtualBox kernel: [    0.000000]   Device   empty
Oct 17 02:11:45 gaurav-VirtualBox kernel: [    0.000000] Movable zone start for each node
Oct 17 02:11:45 gaurav-VirtualBox kernel: [    0.000000] Early memory node ranges
Oct 17 02:11:45 gaurav-VirtualBox kernel: [    0.000000]   node   0: [mem 0x0000000000001000-0x000000000009efff]
Oct 17 02:11:45 gaurav-VirtualBox kernel: [    0.000000]   node   0: [mem 0x0000000000100000-0x000000007ffeffff]
Oct 17 02:11:45 gaurav-VirtualBox kernel: [    0.000000] Initmem setup node 0 [mem 0x0000000000001000-0x000000007ffeffff]
Oct 17 02:11:45 gaurav-VirtualBox kernel: [    0.000000] On node 0 totalpages: 524174
Oct 17 02:11:45 gaurav-VirtualBox kernel: [    0.000000]   DMA zone: 64 pages used for memmap
Oct 17 02:11:45 gaurav-VirtualBox kernel: [    0.000000]   DMA zone: 21 pages reserved
Oct 17 02:11:45 gaurav-VirtualBox kernel: [    0.000000]   DMA zone: 3998 pages, LIFO batch:0
Oct 17 02:11:45 gaurav-VirtualBox kernel: [    0.000000]   DMA32 zone: 8128 pages used for memmap
Oct 17 02:11:45 gaurav-VirtualBox kernel: [    0.000000]   DMA32 zone: 520176 pages, LIFO batch:31
Oct 17 02:11:45 gaurav-VirtualBox kernel: [    0.000000] ACPI: PM-Timer IO Port: 0x4008
Oct 17 02:11:45 gaurav-VirtualBox kernel: [    0.000000] ACPI: Local APIC address 0xfee00000
Oct 17 02:11:45 gaurav-VirtualBox kernel: [    0.000000] IOAPIC[0]: apic_id 1, version 32, address 0xfec00000, GSI 0-23
Oct 17 02:11:45 gaurav-VirtualBox kernel: [    0.000000] ACPI: INT_SRC_OVR (bus 0 bus_irq 0 global_irq 2 dfl dfl)
Oct 17 02:11:45 gaurav-VirtualBox kernel: [    0.000000] ACPI: INT_SRC_OVR (bus 0 bus_irq 9 global_irq 9 high level)
Oct 17 02:11:45 gaurav-VirtualBox kernel: [    0.000000] ACPI: IRQ0 used by override.
Oct 17 02:11:45 gaurav-VirtualBox kernel: [    0.000000] ACPI: IRQ9 used by override.
Oct 17 02:11:45 gaurav-VirtualBox kernel: [    0.000000] Using ACPI (MADT) for SMP configuration information
Oct 17 02:11:45 gaurav-VirtualBox kernel: [    0.000000] smpboot: Allowing 1 CPUs, 0 hotplug CPUs
Oct 17 02:11:45 gaurav-VirtualBox kernel: [    0.000000] PM: Registered nosave memory: [mem 0x00000000-0x00000fff]
Oct 17 02:11:45 gaurav-VirtualBox kernel: [    0.000000] PM: Registered nosave memory: [mem 0x0009f000-0x0009ffff]
Oct 17 02:11:45 gaurav-VirtualBox kernel: [    0.000000] PM: Registered nosave memory: [mem 0x000a0000-0x000effff]
Oct 17 02:11:45 gaurav-VirtualBox kernel: [    0.000000] PM: Registered nosave memory: [mem 0x000f0000-0x000fffff]
Oct 17 02:11:45 gaurav-VirtualBox kernel: [    0.000000] e820: [mem 0x80000000-0xfebfffff] available for PCI devices
Oct 17 02:11:45 gaurav-VirtualBox kernel: [    0.000000] Booting paravirtualized kernel on KVM
Oct 17 02:11:45 gaurav-VirtualBox kernel: [    0.000000] clocksource: refined-jiffies: mask: 0xffffffff max_cycles: 0xffffffff, max_idle_ns: 7645519600211568 ns
Oct 17 02:11:45 gaurav-VirtualBox kernel: [    0.000000] setup_percpu: NR_CPUS:8192 nr_cpumask_bits:1 nr_cpu_ids:1 nr_node_ids:1
Oct 17 02:11:45 gaurav-VirtualBox kernel: [    0.000000] percpu: Embedded 36 pages/cpu @ffff9fd07fc00000 s107992 r8192 d31272 u2097152
Oct 17 02:11:45 gaurav-VirtualBox kernel: [    0.000000] pcpu-alloc: s107992 r8192 d31272 u2097152 alloc=1*2097152
Oct 17 02:11:45 gaurav-VirtualBox kernel: [    0.000000] pcpu-alloc: [0] 0 
Oct 17 02:11:45 gaurav-VirtualBox kernel: [    0.000000] PV qspinlock hash table entries: 256 (order: 0, 4096 bytes)
Oct 17 02:11:45 gaurav-VirtualBox kernel: [    0.000000] Built 1 zonelists in Node order, mobility grouping on.  Total pages: 515961
Oct 17 02:11:45 gaurav-VirtualBox kernel: [    0.000000] Policy zone: DMA32
Oct 17 02:11:45 gaurav-VirtualBox kernel: [    0.000000] Kernel command line: BOOT_IMAGE=/boot/vmlinuz-4.10.0-28-generic root=UUID=2de09c32-a09d-4f5a-a526-f0db525861ac ro quiet splash
Oct 17 02:11:45 gaurav-VirtualBox kernel: [    0.000000] PID hash table entries: 4096 (order: 3, 32768 bytes)
Oct 17 02:11:45 gaurav-VirtualBox kernel: [    0.000000] Calgary: detecting Calgary via BIOS EBDA area
Oct 17 02:11:45 gaurav-VirtualBox kernel: [    0.000000] Calgary: Unable to locate Rio Grande table in EBDA - bailing!
Oct 17 02:11:45 gaurav-VirtualBox kernel: [    0.000000] Memory: 2001420K/2096696K available (9060K kernel code, 1666K rwdata, 3824K rodata, 2228K init, 2364K bss, 95276K reserved, 0K cma-reserved)
Oct 17 02:11:45 gaurav-VirtualBox kernel: [    0.000000] SLUB: HWalign=64, Order=0-3, MinObjects=0, CPUs=1, Nodes=1
Oct 17 02:11:45 gaurav-VirtualBox kernel: [    0.000000] Hierarchical RCU implementation.
Oct 17 02:11:45 gaurav-VirtualBox kernel: [    0.000000] 	Build-time adjustment of leaf fanout to 64.
Oct 17 02:11:45 gaurav-VirtualBox kernel: [    0.000000] 	RCU restricting CPUs from NR_CPUS=8192 to nr_cpu_ids=1.
Oct 17 02:11:45 gaurav-VirtualBox kernel: [    0.000000] RCU: Adjusting geometry for rcu_fanout_leaf=64, nr_cpu_ids=1
Oct 17 02:11:45 gaurav-VirtualBox kernel: [    0.000000] NR_IRQS:524544 nr_irqs:256 16
Oct 17 02:11:45 gaurav-VirtualBox kernel: [    0.000000] Console: colour VGA+ 80x25
Oct 17 02:11:45 gaurav-VirtualBox kernel: [    0.000000] console [tty0] enabled
Oct 17 02:11:45 gaurav-VirtualBox kernel: [    0.000000] tsc: Detected 2303.998 MHz processor
Oct 17 02:11:45 gaurav-VirtualBox kernel: [    0.037222] Calibrating delay loop (skipped) preset value.. 4607.99 BogoMIPS (lpj=9215992)
Oct 17 02:11:45 gaurav-VirtualBox kernel: [    0.037224] pid_max: default: 32768 minimum: 301
Oct 17 02:11:45 gaurav-VirtualBox kernel: [    0.037232] ACPI: Core revision 20160930
Oct 17 02:11:45 gaurav-VirtualBox kernel: [    0.038199] ACPI: 2 ACPI AML tables successfully acquired and loaded
Oct 17 02:11:45 gaurav-VirtualBox kernel: [    0.038221] Security Framework initialized
Oct 17 02:11:45 gaurav-VirtualBox kernel: [    0.038222] Yama: becoming mindful.
Oct 17 02:11:45 gaurav-VirtualBox kernel: [    0.038232] AppArmor: AppArmor initialized
Oct 17 02:11:45 gaurav-VirtualBox kernel: [    0.038579] Dentry cache hash table entries: 262144 (order: 9, 2097152 bytes)
Oct 17 02:11:45 gaurav-VirtualBox kernel: [    0.038829] Inode-cache hash table entries: 131072 (order: 8, 1048576 bytes)
Oct 17 02:11:45 gaurav-VirtualBox kernel: [    0.038931] Mount-cache hash table entries: 4096 (order: 3, 32768 bytes)
Oct 17 02:11:45 gaurav-VirtualBox kernel: [    0.038933] Mountpoint-cache hash table entries: 4096 (order: 3, 32768 bytes)
Oct 17 02:11:45 gaurav-VirtualBox kernel: [    0.039168] CPU: Physical Processor ID: 0
Oct 17 02:11:45 gaurav-VirtualBox kernel: [    0.039181] mce: CPU supports 0 MCE banks
Oct 17 02:11:45 gaurav-VirtualBox kernel: [    0.039197] process: using mwait in idle threads
Oct 17 02:11:45 gaurav-VirtualBox kernel: [    0.039200] Last level iTLB entries: 4KB 64, 2MB 8, 4MB 8
Oct 17 02:11:45 gaurav-VirtualBox kernel: [    0.039201] Last level dTLB entries: 4KB 64, 2MB 0, 4MB 0, 1GB 4
Oct 17 02:11:45 gaurav-VirtualBox kernel: [    0.050352] Freeing SMP alternatives memory: 32K
Oct 17 02:11:45 gaurav-VirtualBox kernel: [    0.051460] ftrace: allocating 34206 entries in 134 pages
Oct 17 02:11:45 gaurav-VirtualBox kernel: [    0.062610] smpboot: Max logical packages: 1
Oct 17 02:11:45 gaurav-VirtualBox kernel: [    0.062833] x2apic enabled
Oct 17 02:11:45 gaurav-VirtualBox kernel: [    0.063009] Switched APIC routing to physical x2apic.
Oct 17 02:11:45 gaurav-VirtualBox kernel: [    0.063892] ..TIMER: vector=0x30 apic1=0 pin1=2 apic2=-1 pin2=-1
Oct 17 02:11:45 gaurav-VirtualBox kernel: [    0.168809] smpboot: CPU0: Intel(R) Core(TM) i5-7360U CPU @ 2.30GHz (family: 0x6, model: 0x8e, stepping: 0x9)
Oct 17 02:11:45 gaurav-VirtualBox kernel: [    0.168874] Performance Events: unsupported p6 CPU model 142 no PMU driver, software events only.
Oct 17 02:11:45 gaurav-VirtualBox kernel: [    0.168896] KVM setup paravirtual spinlock
Oct 17 02:11:45 gaurav-VirtualBox kernel: [    0.169474] smp: Bringing up secondary CPUs ...
Oct 17 02:11:45 gaurav-VirtualBox kernel: [    0.169475] smp: Brought up 1 node, 1 CPU
Oct 17 02:11:45 gaurav-VirtualBox kernel: [    0.169476] smpboot: Total of 1 processors activated (4607.99 BogoMIPS)
Oct 17 02:11:45 gaurav-VirtualBox kernel: [    0.169737] devtmpfs: initialized
Oct 17 02:11:45 gaurav-VirtualBox kernel: [    0.169776] x86/mm: Memory block size: 128MB
Oct 17 02:11:45 gaurav-VirtualBox kernel: [    0.170967] evm: security.selinux
Oct 17 02:11:45 gaurav-VirtualBox kernel: [    0.170967] evm: security.SMACK64
Oct 17 02:11:45 gaurav-VirtualBox kernel: [    0.170968] evm: security.SMACK64EXEC
Oct 17 02:11:45 gaurav-VirtualBox kernel: [    0.170968] evm: security.SMACK64TRANSMUTE
Oct 17 02:11:45 gaurav-VirtualBox kernel: [    0.170968] evm: security.SMACK64MMAP
Oct 17 02:11:45 gaurav-VirtualBox kernel: [    0.170969] evm: security.ima
Oct 17 02:11:45 gaurav-VirtualBox kernel: [    0.170969] evm: security.capability
Oct 17 02:11:45 gaurav-VirtualBox kernel: [    0.171020] clocksource: jiffies: mask: 0xffffffff max_cycles: 0xffffffff, max_idle_ns: 7645041785100000 ns
Oct 17 02:11:45 gaurav-VirtualBox kernel: [    0.171023] futex hash table entries: 256 (order: 2, 16384 bytes)
Oct 17 02:11:45 gaurav-VirtualBox kernel: [    0.171040] pinctrl core: initialized pinctrl subsystem
Oct 17 02:11:45 gaurav-VirtualBox kernel: [    0.171128] RTC time:  6:11:39, date: 10/17/17
Oct 17 02:11:45 gaurav-VirtualBox kernel: [    0.171193] NET: Registered protocol family 16
Oct 17 02:11:45 gaurav-VirtualBox kernel: [    0.171314] cpuidle: using governor ladder
Oct 17 02:11:45 gaurav-VirtualBox kernel: [    0.171314] cpuidle: using governor menu
Oct 17 02:11:45 gaurav-VirtualBox kernel: [    0.171315] PCCT header not found.
Oct 17 02:11:45 gaurav-VirtualBox kernel: [    0.171331] ACPI: bus type PCI registered
Oct 17 02:11:45 gaurav-VirtualBox kernel: [    0.171332] acpiphp: ACPI Hot Plug PCI Controller Driver version: 0.5
Oct 17 02:11:45 gaurav-VirtualBox kernel: [    0.171397] PCI: Using configuration type 1 for base access
Oct 17 02:11:45 gaurav-VirtualBox kernel: [    0.172145] HugeTLB registered 2 MB page size, pre-allocated 0 pages
Oct 17 02:11:45 gaurav-VirtualBox kernel: [    0.172249] ACPI: Added _OSI(Module Device)
Oct 17 02:11:45 gaurav-VirtualBox kernel: [    0.172249] ACPI: Added _OSI(Processor Device)
Oct 17 02:11:45 gaurav-VirtualBox kernel: [    0.172250] ACPI: Added _OSI(3.0 _SCP Extensions)
Oct 17 02:11:45 gaurav-VirtualBox kernel: [    0.172250] ACPI: Added _OSI(Processor Aggregator Device)
Oct 17 02:11:45 gaurav-VirtualBox kernel: [    0.172461] ACPI: Executed 1 blocks of module-level executable AML code
Oct 17 02:11:45 gaurav-VirtualBox kernel: [    0.174838] ACPI: Interpreter enabled
Oct 17 02:11:45 gaurav-VirtualBox kernel: [    0.174846] ACPI: (supports S0 S5)
Oct 17 02:11:45 gaurav-VirtualBox kernel: [    0.174847] ACPI: Using IOAPIC for interrupt routing
Oct 17 02:11:45 gaurav-VirtualBox kernel: [    0.174952] PCI: Using host bridge windows from ACPI; if necessary, use "pci=nocrs" and report a bug
Oct 17 02:11:45 gaurav-VirtualBox kernel: [    0.177693] ACPI: PCI Root Bridge [PCI0] (domain 0000 [bus 00-ff])
Oct 17 02:11:45 gaurav-VirtualBox kernel: [    0.177696] acpi PNP0A03:00: _OSC: OS supports [ASPM ClockPM Segments MSI]
Oct 17 02:11:45 gaurav-VirtualBox kernel: [    0.177706] acpi PNP0A03:00: _OSC: not requesting OS control; OS requires [ExtendedConfig ASPM ClockPM MSI]
Oct 17 02:11:45 gaurav-VirtualBox kernel: [    0.177711] acpi PNP0A03:00: fail to add MMCONFIG information, can't access extended PCI configuration space under this bridge.
Oct 17 02:11:45 gaurav-VirtualBox kernel: [    0.177912] PCI host bridge to bus 0000:00
Oct 17 02:11:45 gaurav-VirtualBox kernel: [    0.177914] pci_bus 0000:00: root bus resource [io  0x0000-0x0cf7 window]
Oct 17 02:11:45 gaurav-VirtualBox kernel: [    0.177915] pci_bus 0000:00: root bus resource [io  0x0d00-0xffff window]
Oct 17 02:11:45 gaurav-VirtualBox kernel: [    0.177915] pci_bus 0000:00: root bus resource [mem 0x000a0000-0x000bffff window]
Oct 17 02:11:45 gaurav-VirtualBox kernel: [    0.177916] pci_bus 0000:00: root bus resource [mem 0x80000000-0xffdfffff window]
Oct 17 02:11:45 gaurav-VirtualBox kernel: [    0.177917] pci_bus 0000:00: root bus resource [bus 00-ff]
Oct 17 02:11:45 gaurav-VirtualBox kernel: [    0.177946] pci 0000:00:00.0: [8086:1237] type 00 class 0x060000
Oct 17 02:11:45 gaurav-VirtualBox kernel: [    0.178313] pci 0000:00:01.0: [8086:7000] type 00 class 0x060100
Oct 17 02:11:45 gaurav-VirtualBox kernel: [    0.178768] pci 0000:00:01.1: [8086:7111] type 00 class 0x01018a
Oct 17 02:11:45 gaurav-VirtualBox kernel: [    0.179048] pci 0000:00:01.1: reg 0x20: [io  0xd000-0xd00f]
Oct 17 02:11:45 gaurav-VirtualBox kernel: [    0.179170] pci 0000:00:01.1: legacy IDE quirk: reg 0x10: [io  0x01f0-0x01f7]
Oct 17 02:11:45 gaurav-VirtualBox kernel: [    0.179170] pci 0000:00:01.1: legacy IDE quirk: reg 0x14: [io  0x03f6]
Oct 17 02:11:45 gaurav-VirtualBox kernel: [    0.179171] pci 0000:00:01.1: legacy IDE quirk: reg 0x18: [io  0x0170-0x0177]
Oct 17 02:11:45 gaurav-VirtualBox kernel: [    0.179172] pci 0000:00:01.1: legacy IDE quirk: reg 0x1c: [io  0x0376]
Oct 17 02:11:45 gaurav-VirtualBox kernel: [    0.179324] pci 0000:00:02.0: [80ee:beef] type 00 class 0x030000
Oct 17 02:11:45 gaurav-VirtualBox kernel: [    0.180287] pci 0000:00:02.0: reg 0x10: [mem 0xe0000000-0xe0ffffff pref]
Oct 17 02:11:45 gaurav-VirtualBox kernel: [    0.186384] pci 0000:00:03.0: [8086:100e] type 00 class 0x020000
Oct 17 02:11:45 gaurav-VirtualBox kernel: [    0.187164] pci 0000:00:03.0: reg 0x10: [mem 0xf0000000-0xf001ffff]
Oct 17 02:11:45 gaurav-VirtualBox kernel: [    0.188552] pci 0000:00:03.0: reg 0x18: [io  0xd010-0xd017]
Oct 17 02:11:45 gaurav-VirtualBox kernel: [    0.192549] pci 0000:00:04.0: [80ee:cafe] type 00 class 0x088000
Oct 17 02:11:45 gaurav-VirtualBox kernel: [    0.193348] pci 0000:00:04.0: reg 0x10: [io  0xd020-0xd03f]
Oct 17 02:11:45 gaurav-VirtualBox kernel: [    0.194098] pci 0000:00:04.0: reg 0x14: [mem 0xf0400000-0xf07fffff]
Oct 17 02:11:45 gaurav-VirtualBox kernel: [    0.194800] pci 0000:00:04.0: reg 0x18: [mem 0xf0800000-0xf0803fff pref]
Oct 17 02:11:45 gaurav-VirtualBox kernel: [    0.198410] pci 0000:00:05.0: [8086:2415] type 00 class 0x040100
Oct 17 02:11:45 gaurav-VirtualBox kernel: [    0.198482] pci 0000:00:05.0: reg 0x10: [io  0xd100-0xd1ff]
Oct 17 02:11:45 gaurav-VirtualBox kernel: [    0.198531] pci 0000:00:05.0: reg 0x14: [io  0xd200-0xd23f]
Oct 17 02:11:45 gaurav-VirtualBox kernel: [    0.198930] pci 0000:00:06.0: [106b:003f] type 00 class 0x0c0310
Oct 17 02:11:45 gaurav-VirtualBox kernel: [    0.199731] pci 0000:00:06.0: reg 0x10: [mem 0xf0804000-0xf0804fff]
Oct 17 02:11:45 gaurav-VirtualBox kernel: [    0.204256] pci 0000:00:07.0: [8086:7113] type 00 class 0x068000
Oct 17 02:11:45 gaurav-VirtualBox kernel: [    0.204597] pci 0000:00:07.0: quirk: [io  0x4000-0x403f] claimed by PIIX4 ACPI
Oct 17 02:11:45 gaurav-VirtualBox kernel: [    0.204604] pci 0000:00:07.0: quirk: [io  0x4100-0x410f] claimed by PIIX4 SMB
Oct 17 02:11:45 gaurav-VirtualBox kernel: [    0.204816] pci 0000:00:0d.0: [8086:2829] type 00 class 0x010601
Oct 17 02:11:45 gaurav-VirtualBox kernel: [    0.206212] pci 0000:00:0d.0: reg 0x10: [io  0xd240-0xd247]
Oct 17 02:11:45 gaurav-VirtualBox kernel: [    0.207779] pci 0000:00:0d.0: reg 0x18: [io  0xd250-0xd257]
Oct 17 02:11:45 gaurav-VirtualBox kernel: [    0.209237] pci 0000:00:0d.0: reg 0x20: [io  0xd260-0xd26f]
Oct 17 02:11:45 gaurav-VirtualBox kernel: [    0.209843] pci 0000:00:0d.0: reg 0x24: [mem 0xf0806000-0xf0807fff]
Oct 17 02:11:45 gaurav-VirtualBox kernel: [    0.211807] ACPI: PCI Interrupt Link [LNKA] (IRQs 5 9 10 *11)
Oct 17 02:11:45 gaurav-VirtualBox kernel: [    0.211957] ACPI: PCI Interrupt Link [LNKB] (IRQs 5 9 10 *11)
Oct 17 02:11:45 gaurav-VirtualBox kernel: [    0.212018] ACPI: PCI Interrupt Link [LNKC] (IRQs 5 9 *10 11)
Oct 17 02:11:45 gaurav-VirtualBox kernel: [    0.212078] ACPI: PCI Interrupt Link [LNKD] (IRQs 5 *9 10 11)
Oct 17 02:11:45 gaurav-VirtualBox kernel: [    0.212354] ACPI: Enabled 2 GPEs in block 00 to 07
Oct 17 02:11:45 gaurav-VirtualBox kernel: [    0.212597] SCSI subsystem initialized
Oct 17 02:11:45 gaurav-VirtualBox kernel: [    0.212643] libata version 3.00 loaded.
Oct 17 02:11:45 gaurav-VirtualBox kernel: [    0.212689] pci 0000:00:02.0: vgaarb: setting as boot VGA device
Oct 17 02:11:45 gaurav-VirtualBox kernel: [    0.212691] pci 0000:00:02.0: vgaarb: VGA device added: decodes=io+mem,owns=io+mem,locks=none
Oct 17 02:11:45 gaurav-VirtualBox kernel: [    0.212693] pci 0000:00:02.0: vgaarb: bridge control possible
Oct 17 02:11:45 gaurav-VirtualBox kernel: [    0.212693] vgaarb: loaded
Oct 17 02:11:45 gaurav-VirtualBox kernel: [    0.212711] ACPI: bus type USB registered
Oct 17 02:11:45 gaurav-VirtualBox kernel: [    0.212723] usbcore: registered new interface driver usbfs
Oct 17 02:11:45 gaurav-VirtualBox kernel: [    0.212731] usbcore: registered new interface driver hub
Oct 17 02:11:45 gaurav-VirtualBox kernel: [    0.212737] usbcore: registered new device driver usb
Oct 17 02:11:45 gaurav-VirtualBox kernel: [    0.212807] PCI: Using ACPI for IRQ routing
Oct 17 02:11:45 gaurav-VirtualBox kernel: [    0.212808] PCI: pci_cache_line_size set to 64 bytes
Oct 17 02:11:45 gaurav-VirtualBox kernel: [    0.212943] e820: reserve RAM buffer [mem 0x0009fc00-0x0009ffff]
Oct 17 02:11:45 gaurav-VirtualBox kernel: [    0.212946] e820: reserve RAM buffer [mem 0x7fff0000-0x7fffffff]
Oct 17 02:11:45 gaurav-VirtualBox kernel: [    0.213023] NetLabel: Initializing
Oct 17 02:11:45 gaurav-VirtualBox kernel: [    0.213023] NetLabel:  domain hash size = 128
Oct 17 02:11:45 gaurav-VirtualBox kernel: [    0.213024] NetLabel:  protocols = UNLABELED CIPSOv4 CALIPSO
Oct 17 02:11:45 gaurav-VirtualBox kernel: [    0.213038] NetLabel:  unlabeled traffic allowed by default
Oct 17 02:11:45 gaurav-VirtualBox kernel: [    0.213166] clocksource: Switched to clocksource kvm-clock
Oct 17 02:11:45 gaurav-VirtualBox kernel: [    0.219093] VFS: Disk quotas dquot_6.6.0
Oct 17 02:11:45 gaurav-VirtualBox kernel: [    0.219104] VFS: Dquot-cache hash table entries: 512 (order 0, 4096 bytes)
Oct 17 02:11:45 gaurav-VirtualBox kernel: [    0.219168] AppArmor: AppArmor Filesystem Enabled
Oct 17 02:11:45 gaurav-VirtualBox kernel: [    0.219202] pnp: PnP ACPI init
Oct 17 02:11:45 gaurav-VirtualBox kernel: [    0.219254] pnp 00:00: Plug and Play ACPI device, IDs PNP0303 (active)
Oct 17 02:11:45 gaurav-VirtualBox kernel: [    0.219312] pnp 00:01: Plug and Play ACPI device, IDs PNP0f03 (active)
Oct 17 02:11:45 gaurav-VirtualBox kernel: [    0.219875] pnp: PnP ACPI: found 2 devices
Oct 17 02:11:45 gaurav-VirtualBox kernel: [    0.225350] clocksource: acpi_pm: mask: 0xffffff max_cycles: 0xffffff, max_idle_ns: 2085701024 ns
Oct 17 02:11:45 gaurav-VirtualBox kernel: [    0.225360] pci_bus 0000:00: resource 4 [io  0x0000-0x0cf7 window]
Oct 17 02:11:45 gaurav-VirtualBox kernel: [    0.225361] pci_bus 0000:00: resource 5 [io  0x0d00-0xffff window]
Oct 17 02:11:45 gaurav-VirtualBox kernel: [    0.225362] pci_bus 0000:00: resource 6 [mem 0x000a0000-0x000bffff window]
Oct 17 02:11:45 gaurav-VirtualBox kernel: [    0.225362] pci_bus 0000:00: resource 7 [mem 0x80000000-0xffdfffff window]
Oct 17 02:11:45 gaurav-VirtualBox kernel: [    0.225406] NET: Registered protocol family 2
Oct 17 02:11:45 gaurav-VirtualBox kernel: [    0.225573] TCP established hash table entries: 16384 (order: 5, 131072 bytes)
Oct 17 02:11:45 gaurav-VirtualBox kernel: [    0.225595] TCP bind hash table entries: 16384 (order: 6, 262144 bytes)
Oct 17 02:11:45 gaurav-VirtualBox kernel: [    0.225611] TCP: Hash tables configured (established 16384 bind 16384)
Oct 17 02:11:45 gaurav-VirtualBox kernel: [    0.225626] UDP hash table entries: 1024 (order: 3, 32768 bytes)
Oct 17 02:11:45 gaurav-VirtualBox kernel: [    0.225631] UDP-Lite hash table entries: 1024 (order: 3, 32768 bytes)
Oct 17 02:11:45 gaurav-VirtualBox kernel: [    0.225652] NET: Registered protocol family 1
Oct 17 02:11:45 gaurav-VirtualBox kernel: [    0.225659] pci 0000:00:00.0: Limiting direct PCI/PCI transfers
Oct 17 02:11:45 gaurav-VirtualBox kernel: [    0.225686] pci 0000:00:01.0: Activating ISA DMA hang workarounds
Oct 17 02:11:45 gaurav-VirtualBox kernel: [    0.225725] pci 0000:00:02.0: Video device with shadowed ROM at [mem 0x000c0000-0x000dffff]
Oct 17 02:11:45 gaurav-VirtualBox kernel: [    0.226601] PCI: CLS 0 bytes, default 64
Oct 17 02:11:45 gaurav-VirtualBox kernel: [    0.226649] Unpacking initramfs...
Oct 17 02:11:45 gaurav-VirtualBox kernel: [    0.682820] Freeing initrd memory: 40844K
Oct 17 02:11:45 gaurav-VirtualBox kernel: [    0.683071] platform rtc_cmos: registered platform RTC device (no PNP device found)
Oct 17 02:11:45 gaurav-VirtualBox kernel: [    0.683088] Scanning for low memory corruption every 60 seconds
Oct 17 02:11:45 gaurav-VirtualBox kernel: [    0.683268] audit: initializing netlink subsys (disabled)
Oct 17 02:11:45 gaurav-VirtualBox kernel: [    0.683488] Initialise system trusted keyrings
Oct 17 02:11:45 gaurav-VirtualBox kernel: [    0.683502] audit: type=2000 audit(1508221549.263:1): initialized
Oct 17 02:11:45 gaurav-VirtualBox kernel: [    0.683524] workingset: timestamp_bits=36 max_order=19 bucket_order=0
Oct 17 02:11:45 gaurav-VirtualBox kernel: [    0.684491] zbud: loaded
Oct 17 02:11:45 gaurav-VirtualBox kernel: [    0.684762] squashfs: version 4.0 (2009/01/31) Phillip Lougher
Oct 17 02:11:45 gaurav-VirtualBox kernel: [    0.684875] fuse init (API version 7.26)
Oct 17 02:11:45 gaurav-VirtualBox kernel: [    0.685321] Key type asymmetric registered
Oct 17 02:11:45 gaurav-VirtualBox kernel: [    0.685321] Asymmetric key parser 'x509' registered
Oct 17 02:11:45 gaurav-VirtualBox kernel: [    0.685343] Block layer SCSI generic (bsg) driver version 0.4 loaded (major 248)
Oct 17 02:11:45 gaurav-VirtualBox kernel: [    0.685354] io scheduler noop registered
Oct 17 02:11:45 gaurav-VirtualBox kernel: [    0.685355] io scheduler deadline registered
Oct 17 02:11:45 gaurav-VirtualBox kernel: [    0.685362] io scheduler cfq registered (default)
Oct 17 02:11:45 gaurav-VirtualBox kernel: [    0.685683] ACPI: AC Adapter [AC] (off-line)
Oct 17 02:11:45 gaurav-VirtualBox kernel: [    0.685721] input: Power Button as /devices/LNXSYSTM:00/LNXPWRBN:00/input/input0
Oct 17 02:11:45 gaurav-VirtualBox kernel: [    0.685723] ACPI: Power Button [PWRF]
Oct 17 02:11:45 gaurav-VirtualBox kernel: [    0.685774] input: Sleep Button as /devices/LNXSYSTM:00/LNXSLPBN:00/input/input1
Oct 17 02:11:45 gaurav-VirtualBox kernel: [    0.685775] ACPI: Sleep Button [SLPF]
Oct 17 02:11:45 gaurav-VirtualBox kernel: [    0.685852] GHES: HEST is not enabled!
Oct 17 02:11:45 gaurav-VirtualBox kernel: [    0.686504] ACPI: Battery Slot [BAT0] (battery present)
Oct 17 02:11:45 gaurav-VirtualBox kernel: [    0.686526] Serial: 8250/16550 driver, 32 ports, IRQ sharing enabled
Oct 17 02:11:45 gaurav-VirtualBox kernel: [    0.687432] Linux agpgart interface v0.103
Oct 17 02:11:45 gaurav-VirtualBox kernel: [    0.688139] loop: module loaded
Oct 17 02:11:45 gaurav-VirtualBox kernel: [    0.688203] ata_piix 0000:00:01.1: version 2.13
Oct 17 02:11:45 gaurav-VirtualBox kernel: [    0.688472] scsi host0: ata_piix
Oct 17 02:11:45 gaurav-VirtualBox kernel: [    0.688518] scsi host1: ata_piix
Oct 17 02:11:45 gaurav-VirtualBox kernel: [    0.688539] ata1: PATA max UDMA/33 cmd 0x1f0 ctl 0x3f6 bmdma 0xd000 irq 14
Oct 17 02:11:45 gaurav-VirtualBox kernel: [    0.688540] ata2: PATA max UDMA/33 cmd 0x170 ctl 0x376 bmdma 0xd008 irq 15
Oct 17 02:11:45 gaurav-VirtualBox kernel: [    0.688581] libphy: Fixed MDIO Bus: probed
Oct 17 02:11:45 gaurav-VirtualBox kernel: [    0.688582] tun: Universal TUN/TAP device driver, 1.6
Oct 17 02:11:45 gaurav-VirtualBox kernel: [    0.688582] tun: (C) 1999-2004 Max Krasnyansky <maxk@qualcomm.com>
Oct 17 02:11:45 gaurav-VirtualBox kernel: [    0.688810] PPP generic driver version 2.4.2
Oct 17 02:11:45 gaurav-VirtualBox kernel: [    0.688835] ehci_hcd: USB 2.0 'Enhanced' Host Controller (EHCI) Driver
Oct 17 02:11:45 gaurav-VirtualBox kernel: [    0.688837] ehci-pci: EHCI PCI platform driver
Oct 17 02:11:45 gaurav-VirtualBox kernel: [    0.688842] ehci-platform: EHCI generic platform driver
Oct 17 02:11:45 gaurav-VirtualBox kernel: [    0.688847] ohci_hcd: USB 1.1 'Open' Host Controller (OHCI) Driver
Oct 17 02:11:45 gaurav-VirtualBox kernel: [    0.688848] ohci-pci: OHCI PCI platform driver
Oct 17 02:11:45 gaurav-VirtualBox kernel: [    0.689243] ohci-pci 0000:00:06.0: OHCI PCI host controller
Oct 17 02:11:45 gaurav-VirtualBox kernel: [    0.689247] ohci-pci 0000:00:06.0: new USB bus registered, assigned bus number 1
Oct 17 02:11:45 gaurav-VirtualBox kernel: [    0.689296] ohci-pci 0000:00:06.0: irq 22, io mem 0xf0804000
Oct 17 02:11:45 gaurav-VirtualBox kernel: [    0.750172] usb usb1: New USB device found, idVendor=1d6b, idProduct=0001
Oct 17 02:11:45 gaurav-VirtualBox kernel: [    0.750175] usb usb1: New USB device strings: Mfr=3, Product=2, SerialNumber=1
Oct 17 02:11:45 gaurav-VirtualBox kernel: [    0.750176] usb usb1: Product: OHCI PCI host controller
Oct 17 02:11:45 gaurav-VirtualBox kernel: [    0.750178] usb usb1: Manufacturer: Linux 4.10.0-28-generic ohci_hcd
Oct 17 02:11:45 gaurav-VirtualBox kernel: [    0.750179] usb usb1: SerialNumber: 0000:00:06.0
Oct 17 02:11:45 gaurav-VirtualBox kernel: [    0.750324] hub 1-0:1.0: USB hub found
Oct 17 02:11:45 gaurav-VirtualBox kernel: [    0.750339] hub 1-0:1.0: 12 ports detected
Oct 17 02:11:45 gaurav-VirtualBox kernel: [    0.750786] ohci-platform: OHCI generic platform driver
Oct 17 02:11:45 gaurav-VirtualBox kernel: [    0.750801] uhci_hcd: USB Universal Host Controller Interface driver
Oct 17 02:11:45 gaurav-VirtualBox kernel: [    0.750866] i8042: PNP: PS/2 Controller [PNP0303:PS2K,PNP0f03:PS2M] at 0x60,0x64 irq 1,12
Oct 17 02:11:45 gaurav-VirtualBox kernel: [    0.751393] serio: i8042 KBD port at 0x60,0x64 irq 1
Oct 17 02:11:45 gaurav-VirtualBox kernel: [    0.751397] serio: i8042 AUX port at 0x60,0x64 irq 12
Oct 17 02:11:45 gaurav-VirtualBox kernel: [    0.751493] mousedev: PS/2 mouse device common for all mice
Oct 17 02:11:45 gaurav-VirtualBox kernel: [    0.751801] input: AT Translated Set 2 keyboard as /devices/platform/i8042/serio0/input/input2
Oct 17 02:11:45 gaurav-VirtualBox kernel: [    0.752156] rtc_cmos rtc_cmos: rtc core: registered rtc_cmos as rtc0
Oct 17 02:11:45 gaurav-VirtualBox kernel: [    0.752211] rtc_cmos rtc_cmos: alarms up to one day, 114 bytes nvram
Oct 17 02:11:45 gaurav-VirtualBox kernel: [    0.752215] i2c /dev entries driver
Oct 17 02:11:45 gaurav-VirtualBox kernel: [    0.752263] device-mapper: uevent: version 1.0.3
Oct 17 02:11:45 gaurav-VirtualBox kernel: [    0.752331] device-mapper: ioctl: 4.35.0-ioctl (2016-06-23) initialised: dm-devel@redhat.com
Oct 17 02:11:45 gaurav-VirtualBox kernel: [    0.752338] ledtrig-cpu: registered to indicate activity on CPUs
Oct 17 02:11:45 gaurav-VirtualBox kernel: [    0.752556] NET: Registered protocol family 10
Oct 17 02:11:45 gaurav-VirtualBox kernel: [    0.755162] Segment Routing with IPv6
Oct 17 02:11:45 gaurav-VirtualBox kernel: [    0.755175] NET: Registered protocol family 17
Oct 17 02:11:45 gaurav-VirtualBox kernel: [    0.755182] Key type dns_resolver registered
Oct 17 02:11:45 gaurav-VirtualBox kernel: [    0.755326] registered taskstats version 1
Oct 17 02:11:45 gaurav-VirtualBox kernel: [    0.755334] Loading compiled-in X.509 certificates
Oct 17 02:11:45 gaurav-VirtualBox kernel: [    0.757699] Loaded X.509 cert 'Build time autogenerated kernel key: 1dbff672f4e4d459849c8aa71c01089bd04bfcdd'
Oct 17 02:11:45 gaurav-VirtualBox kernel: [    0.757722] zswap: loaded using pool lzo/zbud
Oct 17 02:11:45 gaurav-VirtualBox kernel: [    0.766070] Key type big_key registered
Oct 17 02:11:45 gaurav-VirtualBox kernel: [    0.766073] Key type trusted registered
Oct 17 02:11:45 gaurav-VirtualBox kernel: [    0.766868] Key type encrypted registered
Oct 17 02:11:45 gaurav-VirtualBox kernel: [    0.766870] AppArmor: AppArmor sha1 policy hashing enabled
Oct 17 02:11:45 gaurav-VirtualBox kernel: [    0.766871] ima: No TPM chip found, activating TPM-bypass! (rc=-19)
Oct 17 02:11:45 gaurav-VirtualBox kernel: [    0.766886] evm: HMAC attrs: 0x1
Oct 17 02:11:45 gaurav-VirtualBox kernel: [    0.767084]   Magic number: 5:552:165
Oct 17 02:11:45 gaurav-VirtualBox kernel: [    0.767147] rtc_cmos rtc_cmos: setting system clock to 2017-10-17 06:11:39 UTC (1508220699)
Oct 17 02:11:45 gaurav-VirtualBox kernel: [    0.767195] BIOS EDD facility v0.16 2004-Jun-25, 0 devices found
Oct 17 02:11:45 gaurav-VirtualBox kernel: [    0.767196] EDD information not available.
Oct 17 02:11:45 gaurav-VirtualBox kernel: [    0.767211] PM: Hibernation image not present or could not be loaded.
Oct 17 02:11:45 gaurav-VirtualBox kernel: [    0.849560] ata2.00: ATAPI: VBOX CD-ROM, 1.0, max UDMA/133
Oct 17 02:11:45 gaurav-VirtualBox kernel: [    0.849933] ata2.00: configured for UDMA/33
Oct 17 02:11:45 gaurav-VirtualBox kernel: [    0.850442] scsi 1:0:0:0: CD-ROM            VBOX     CD-ROM           1.0  PQ: 0 ANSI: 5
Oct 17 02:11:45 gaurav-VirtualBox kernel: [    0.861956] sr 1:0:0:0: [sr0] scsi3-mmc drive: 32x/32x xa/form2 tray
Oct 17 02:11:45 gaurav-VirtualBox kernel: [    0.861958] cdrom: Uniform CD-ROM driver Revision: 3.20
Oct 17 02:11:45 gaurav-VirtualBox kernel: [    0.862089] sr 1:0:0:0: Attached scsi CD-ROM sr0
Oct 17 02:11:45 gaurav-VirtualBox kernel: [    0.862352] sr 1:0:0:0: Attached scsi generic sg0 type 5
Oct 17 02:11:45 gaurav-VirtualBox kernel: [    0.864412] Freeing unused kernel memory: 2228K
Oct 17 02:11:45 gaurav-VirtualBox kernel: [    0.864414] Write protecting the kernel read-only data: 14336k
Oct 17 02:11:45 gaurav-VirtualBox kernel: [    0.864685] Freeing unused kernel memory: 1164K
Oct 17 02:11:45 gaurav-VirtualBox kernel: [    0.865066] Freeing unused kernel memory: 272K
Oct 17 02:11:45 gaurav-VirtualBox kernel: [    0.869939] x86/mm: Checked W+X mappings: passed, no W+X pages found.
Oct 17 02:11:45 gaurav-VirtualBox kernel: [    0.877320] random: udevadm: uninitialized urandom read (16 bytes read)
Oct 17 02:11:45 gaurav-VirtualBox kernel: [    0.877344] random: udevadm: uninitialized urandom read (16 bytes read)
Oct 17 02:11:45 gaurav-VirtualBox kernel: [    0.877643] random: udevadm: uninitialized urandom read (16 bytes read)
Oct 17 02:11:45 gaurav-VirtualBox kernel: [    0.877670] random: udevadm: uninitialized urandom read (16 bytes read)
Oct 17 02:11:45 gaurav-VirtualBox kernel: [    0.877677] random: udevadm: uninitialized urandom read (16 bytes read)
Oct 17 02:11:45 gaurav-VirtualBox kernel: [    0.877794] random: udevadm: uninitialized urandom read (16 bytes read)
Oct 17 02:11:45 gaurav-VirtualBox kernel: [    0.877822] random: udevadm: uninitialized urandom read (16 bytes read)
Oct 17 02:11:45 gaurav-VirtualBox kernel: [    0.877848] random: udevadm: uninitialized urandom read (16 bytes read)
Oct 17 02:11:45 gaurav-VirtualBox kernel: [    0.877878] random: udevadm: uninitialized urandom read (16 bytes read)
Oct 17 02:11:45 gaurav-VirtualBox kernel: [    0.877904] random: udevadm: uninitialized urandom read (16 bytes read)
Oct 17 02:11:45 gaurav-VirtualBox kernel: [    0.900754] ACPI: Video Device [GFX0] (multi-head: yes  rom: no  post: no)
Oct 17 02:11:45 gaurav-VirtualBox kernel: [    0.900804] input: Video Bus as /devices/LNXSYSTM:00/LNXSYBUS:00/PNP0A03:00/LNXVIDEO:00/input/input4
Oct 17 02:11:45 gaurav-VirtualBox kernel: [    0.902645] FUJITSU Extended Socket Network Device Driver - version 1.2 - Copyright (c) 2015 FUJITSU LIMITED
Oct 17 02:11:45 gaurav-VirtualBox kernel: [    0.909054] e1000: Intel(R) PRO/1000 Network Driver - version 7.3.21-k8-NAPI
Oct 17 02:11:45 gaurav-VirtualBox kernel: [    0.909055] e1000: Copyright (c) 1999-2006 Intel Corporation.
Oct 17 02:11:45 gaurav-VirtualBox kernel: [    1.118357] input: ImExPS/2 Generic Explorer Mouse as /devices/platform/i8042/serio1/input/input5
Oct 17 02:11:45 gaurav-VirtualBox kernel: [    1.148947] usb 1-1: new full-speed USB device number 2 using ohci-pci
Oct 17 02:11:45 gaurav-VirtualBox kernel: [    1.279002] e1000 0000:00:03.0 eth0: (PCI:33MHz:32-bit) 08:00:27:b4:ca:fb
Oct 17 02:11:45 gaurav-VirtualBox kernel: [    1.279006] e1000 0000:00:03.0 eth0: Intel(R) PRO/1000 Network Connection
Oct 17 02:11:45 gaurav-VirtualBox kernel: [    1.279030] ahci 0000:00:0d.0: version 3.0
Oct 17 02:11:45 gaurav-VirtualBox kernel: [    1.279507] ahci 0000:00:0d.0: SSS flag set, parallel bus scan disabled
Oct 17 02:11:45 gaurav-VirtualBox kernel: [    1.279610] ahci 0000:00:0d.0: AHCI 0001.0100 32 slots 1 ports 3 Gbps 0x1 impl SATA mode
Oct 17 02:11:45 gaurav-VirtualBox kernel: [    1.279612] ahci 0000:00:0d.0: flags: 64bit ncq stag only ccc 
Oct 17 02:11:45 gaurav-VirtualBox kernel: [    1.280515] e1000 0000:00:03.0 enp0s3: renamed from eth0
Oct 17 02:11:45 gaurav-VirtualBox kernel: [    1.281307] scsi host2: ahci
Oct 17 02:11:45 gaurav-VirtualBox kernel: [    1.281457] ata3: SATA max UDMA/133 abar m8192@0xf0806000 port 0xf0806100 irq 21
Oct 17 02:11:45 gaurav-VirtualBox kernel: [    1.442865] usb 1-1: New USB device found, idVendor=80ee, idProduct=0021
Oct 17 02:11:45 gaurav-VirtualBox kernel: [    1.442867] usb 1-1: New USB device strings: Mfr=1, Product=3, SerialNumber=0
Oct 17 02:11:45 gaurav-VirtualBox kernel: [    1.442868] usb 1-1: Product: USB Tablet
Oct 17 02:11:45 gaurav-VirtualBox kernel: [    1.442869] usb 1-1: Manufacturer: VirtualBox
Oct 17 02:11:45 gaurav-VirtualBox kernel: [    1.450193] hidraw: raw HID events driver (C) Jiri Kosina
Oct 17 02:11:45 gaurav-VirtualBox kernel: [    1.454889] random: fast init done
Oct 17 02:11:45 gaurav-VirtualBox kernel: [    1.460462] usbcore: registered new interface driver usbhid
Oct 17 02:11:45 gaurav-VirtualBox kernel: [    1.460463] usbhid: USB HID core driver
Oct 17 02:11:45 gaurav-VirtualBox kernel: [    1.465186] input: VirtualBox USB Tablet as /devices/pci0000:00/0000:00:06.0/usb1/1-1/1-1:1.0/0003:80EE:0021.0001/input/input6
Oct 17 02:11:45 gaurav-VirtualBox kernel: [    1.465394] hid-generic 0003:80EE:0021.0001: input,hidraw0: USB HID v1.10 Mouse [VirtualBox USB Tablet] on usb-0000:00:06.0-1/input0
Oct 17 02:11:45 gaurav-VirtualBox kernel: [    1.593347] ata3: SATA link up 3.0 Gbps (SStatus 123 SControl 300)
Oct 17 02:11:45 gaurav-VirtualBox kernel: [    1.593521] ata3.00: ATA-6: VBOX HARDDISK, 1.0, max UDMA/133
Oct 17 02:11:45 gaurav-VirtualBox kernel: [    1.593523] ata3.00: 104407040 sectors, multi 128: LBA48 NCQ (depth 31/32)
Oct 17 02:11:45 gaurav-VirtualBox kernel: [    1.593816] ata3.00: configured for UDMA/133
Oct 17 02:11:45 gaurav-VirtualBox kernel: [    1.593952] scsi 2:0:0:0: Direct-Access     ATA      VBOX HARDDISK    1.0  PQ: 0 ANSI: 5
Oct 17 02:11:45 gaurav-VirtualBox kernel: [    1.594306] sd 2:0:0:0: [sda] 104407040 512-byte logical blocks: (53.5 GB/49.8 GiB)
Oct 17 02:11:45 gaurav-VirtualBox kernel: [    1.594312] sd 2:0:0:0: [sda] Write Protect is off
Oct 17 02:11:45 gaurav-VirtualBox kernel: [    1.594313] sd 2:0:0:0: [sda] Mode Sense: 00 3a 00 00
Oct 17 02:11:45 gaurav-VirtualBox kernel: [    1.594319] sd 2:0:0:0: [sda] Write cache: enabled, read cache: enabled, doesn't support DPO or FUA
Oct 17 02:11:45 gaurav-VirtualBox kernel: [    1.594590] sd 2:0:0:0: Attached scsi generic sg1 type 0
Oct 17 02:11:45 gaurav-VirtualBox kernel: [    1.600779]  sda: sda1 sda2 < sda5 >
Oct 17 02:11:45 gaurav-VirtualBox kernel: [    1.601320] sd 2:0:0:0: [sda] Attached SCSI disk
Oct 17 02:11:45 gaurav-VirtualBox kernel: [    1.713497] tsc: Refined TSC clocksource calibration: 2305.280 MHz
Oct 17 02:11:45 gaurav-VirtualBox kernel: [    1.713500] clocksource: tsc: mask: 0xffffffffffffffff max_cycles: 0x213ab0f9192, max_idle_ns: 440795306352 ns
Oct 17 02:11:45 gaurav-VirtualBox kernel: [    4.209902] floppy0: no floppy controllers found
Oct 17 02:11:45 gaurav-VirtualBox kernel: [    4.209983] work still pending
Oct 17 02:11:45 gaurav-VirtualBox kernel: [    4.249393] EXT4-fs (sda1): mounted filesystem with ordered data mode. Opts: (null)
Oct 17 02:11:45 gaurav-VirtualBox kernel: [    4.584443] lp: driver loaded but no devices found
Oct 17 02:11:45 gaurav-VirtualBox kernel: [    4.599225] ppdev: user-space parallel port driver
Oct 17 02:11:45 gaurav-VirtualBox kernel: [    4.680649] EXT4-fs (sda1): re-mounted. Opts: errors=remount-ro
Oct 17 02:11:45 gaurav-VirtualBox kernel: [    4.969479] piix4_smbus 0000:00:07.0: SMBus Host Controller at 0x4100, revision 0
Oct 17 02:11:45 gaurav-VirtualBox kernel: [    4.979794] vgdrvHeartbeatInit: Setting up heartbeat to trigger every 2000 milliseconds
Oct 17 02:11:45 gaurav-VirtualBox kernel: [    4.979952] input: Unspecified device as /devices/pci0000:00/0000:00:04.0/input/input7
Oct 17 02:11:45 gaurav-VirtualBox kernel: [    4.999264] vboxguest: misc device minor 55, IRQ 20, I/O port d020, MMIO at 00000000f0400000 (size 0x400000)
Oct 17 02:11:45 gaurav-VirtualBox kernel: [    4.999266] vboxguest: Successfully loaded version 5.1.16_Ubuntu (interface 0x00010004)
Oct 17 02:11:45 gaurav-VirtualBox kernel: [    5.037181] [drm] Initialized
Oct 17 02:11:45 gaurav-VirtualBox kernel: [    5.187075] [drm] VRAM 01000000
Oct 17 02:11:45 gaurav-VirtualBox kernel: [    5.189564] [TTM] Zone  kernel: Available graphics memory: 1022980 kiB
Oct 17 02:11:45 gaurav-VirtualBox kernel: [    5.189565] [TTM] Initializing pool allocator
Oct 17 02:11:45 gaurav-VirtualBox kernel: [    5.189568] [TTM] Initializing DMA pool allocator
Oct 17 02:11:45 gaurav-VirtualBox kernel: [    5.200923] fbcon: vboxdrmfb (fb0) is primary device
Oct 17 02:11:45 gaurav-VirtualBox kernel: [    5.207694] Console: switching to colour frame buffer device 100x37
Oct 17 02:11:45 gaurav-VirtualBox kernel: [    5.208421] vboxvideo 0000:00:02.0: fb0: vboxdrmfb frame buffer device
Oct 17 02:11:45 gaurav-VirtualBox kernel: [    5.213835] [drm] Initialized vboxvideo 1.0.0 20130823 for 0000:00:02.0 on minor 0
Oct 17 02:11:45 gaurav-VirtualBox kernel: [    5.273269] audit: type=1400 audit(1508220704.000:2): apparmor="STATUS" operation="profile_load" profile="unconfined" name="/usr/lib/lightdm/lightdm-guest-session" pid=461 comm="apparmor_parser"
Oct 17 02:11:45 gaurav-VirtualBox kernel: [    5.273270] audit: type=1400 audit(1508220704.000:3): apparmor="STATUS" operation="profile_load" profile="unconfined" name="/usr/lib/lightdm/lightdm-guest-session//chromium" pid=461 comm="apparmor_parser"
Oct 17 02:11:45 gaurav-VirtualBox kernel: [    5.287638] audit: type=1400 audit(1508220704.016:4): apparmor="STATUS" operation="profile_load" profile="unconfined" name="/sbin/dhclient" pid=469 comm="apparmor_parser"
Oct 17 02:11:45 gaurav-VirtualBox kernel: [    5.287639] audit: type=1400 audit(1508220704.016:5): apparmor="STATUS" operation="profile_load" profile="unconfined" name="/usr/lib/NetworkManager/nm-dhcp-client.action" pid=469 comm="apparmor_parser"
Oct 17 02:11:45 gaurav-VirtualBox kernel: [    5.287640] audit: type=1400 audit(1508220704.016:6): apparmor="STATUS" operation="profile_load" profile="unconfined" name="/usr/lib/NetworkManager/nm-dhcp-helper" pid=469 comm="apparmor_parser"
Oct 17 02:11:45 gaurav-VirtualBox kernel: [    5.287641] audit: type=1400 audit(1508220704.016:7): apparmor="STATUS" operation="profile_load" profile="unconfined" name="/usr/lib/connman/scripts/dhclient-script" pid=469 comm="apparmor_parser"
Oct 17 02:11:45 gaurav-VirtualBox kernel: [    5.327865] audit: type=1400 audit(1508220704.056:8): apparmor="STATUS" operation="profile_load" profile="unconfined" name="/usr/bin/evince" pid=470 comm="apparmor_parser"
Oct 17 02:11:45 gaurav-VirtualBox kernel: [    5.327867] audit: type=1400 audit(1508220704.056:9): apparmor="STATUS" operation="profile_load" profile="unconfined" name="/usr/bin/evince//sanitized_helper" pid=470 comm="apparmor_parser"
Oct 17 02:11:45 gaurav-VirtualBox kernel: [    5.327867] audit: type=1400 audit(1508220704.056:10): apparmor="STATUS" operation="profile_load" profile="unconfined" name="/usr/bin/evince-previewer" pid=470 comm="apparmor_parser"
Oct 17 02:11:45 gaurav-VirtualBox kernel: [    5.393701] AVX version of gcm_enc/dec engaged.
Oct 17 02:11:45 gaurav-VirtualBox kernel: [    5.393702] AES CTR mode by8 optimization enabled
Oct 17 02:11:45 gaurav-VirtualBox kernel: [    6.187558] Adding 2095100k swap on /dev/sda5.  Priority:-1 extents:1 across:2095100k FS
Oct 17 02:11:45 gaurav-VirtualBox kernel: [    6.379293] random: crng init done
Oct 17 02:11:45 gaurav-VirtualBox kernel: [    6.433655] snd_intel8x0 0000:00:05.0: white list rate for 1028:0177 is 48000
Oct 17 02:11:45 gaurav-VirtualBox systemd-modules-load[231]: Inserted module 'lp'
Oct 17 02:11:45 gaurav-VirtualBox loadkeys[228]: Loading /etc/console-setup/cached.kmap.gz
Oct 17 02:11:45 gaurav-VirtualBox systemd-modules-load[231]: Inserted module 'ppdev'
Oct 17 02:11:45 gaurav-VirtualBox systemd-modules-load[231]: Inserted module 'parport_pc'
Oct 17 02:11:45 gaurav-VirtualBox systemd[1]: Starting Flush Journal to Persistent Storage...
Oct 17 02:11:45 gaurav-VirtualBox systemd[1]: Mounting FUSE Control File System...
Oct 17 02:11:45 gaurav-VirtualBox systemd[1]: Starting Apply Kernel Variables...
Oct 17 02:11:45 gaurav-VirtualBox systemd[1]: Mounted FUSE Control File System.
Oct 17 02:11:45 gaurav-VirtualBox systemd[1]: Started Commit a transient machine-id on disk.
Oct 17 02:11:45 gaurav-VirtualBox systemd[1]: Started Flush Journal to Persistent Storage.
Oct 17 02:11:45 gaurav-VirtualBox systemd[1]: Starting Create Volatile Files and Directories...
Oct 17 02:11:45 gaurav-VirtualBox systemd[1]: Started Tell Plymouth To Write Out Runtime Data.
Oct 17 02:11:45 gaurav-VirtualBox systemd-tmpfiles[299]: [/usr/lib/tmpfiles.d/var.conf:14] Duplicate line for path "/var/log", ignoring.
Oct 17 02:11:45 gaurav-VirtualBox systemd[1]: Started Clean up any mess left by 0dns-up.
Oct 17 02:11:45 gaurav-VirtualBox systemd[1]: Started Create Volatile Files and Directories.
Oct 17 02:11:45 gaurav-VirtualBox systemd[1]: Started Load/Save Random Seed.
Oct 17 02:11:45 gaurav-VirtualBox systemd[1]: Started Apply Kernel Variables.
Oct 17 02:11:45 gaurav-VirtualBox systemd[1]: Started udev Coldplug all Devices.
Oct 17 02:11:45 gaurav-VirtualBox systemd[1]: Starting Show Plymouth Boot Screen...
Oct 17 02:11:45 gaurav-VirtualBox systemd[1]: Starting Update UTMP about System Boot/Shutdown...
Oct 17 02:11:45 gaurav-VirtualBox systemd[1]: Starting Network Time Synchronization...
Oct 17 02:11:45 gaurav-VirtualBox systemd[1]: Starting Nameserver information manager...
Oct 17 02:11:45 gaurav-VirtualBox apparmor[265]:  * Starting AppArmor profiles
Oct 17 02:11:45 gaurav-VirtualBox systemd[1]: Started Nameserver information manager.
Oct 17 02:11:45 gaurav-VirtualBox systemd[1]: Reached target Network (Pre).
Oct 17 02:11:45 gaurav-VirtualBox systemd[1]: Started Update UTMP about System Boot/Shutdown.
Oct 17 02:11:45 gaurav-VirtualBox systemd[1]: Started Network Time Synchronization.
Oct 17 02:11:45 gaurav-VirtualBox systemd[1]: Reached target System Time Synchronized.
Oct 17 02:11:45 gaurav-VirtualBox systemd[1]: Received SIGRTMIN+20 from PID 341 (plymouthd).
Oct 17 02:11:45 gaurav-VirtualBox systemd[1]: Started Show Plymouth Boot Screen.
Oct 17 02:11:45 gaurav-VirtualBox systemd[1]: Started Forward Password Requests to Plymouth Directory Watch.
Oct 17 02:11:45 gaurav-VirtualBox systemd[1]: Started Set console font and keymap.
Oct 17 02:11:45 gaurav-VirtualBox systemd[1]: Created slice system-getty.slice.
Oct 17 02:11:45 gaurav-VirtualBox mtp-probe: checking bus 1, device 2: "/sys/devices/pci0000:00/0000:00:06.0/usb1/1-1"
Oct 17 02:11:45 gaurav-VirtualBox mtp-probe: bus: 1, device: 2 was not an MTP device
Oct 17 02:11:45 gaurav-VirtualBox apparmor[265]: Skipping profile in /etc/apparmor.d/disable: usr.bin.firefox
Oct 17 02:11:45 gaurav-VirtualBox apparmor[265]: Skipping profile in /etc/apparmor.d/disable: usr.sbin.rsyslogd
Oct 17 02:11:45 gaurav-VirtualBox apparmor[265]:    ...done.
Oct 17 02:11:45 gaurav-VirtualBox systemd[1]: Started LSB: AppArmor initialization.
Oct 17 02:11:45 gaurav-VirtualBox systemd[1]: Starting Raise network interfaces...
Oct 17 02:11:45 gaurav-VirtualBox systemd[1]: Started Raise network interfaces.
Oct 17 02:11:45 gaurav-VirtualBox systemd[1]: Listening on Load/Save RF Kill Switch Status /dev/rfkill Watch.
Oct 17 02:11:45 gaurav-VirtualBox systemd[1]: Found device VBOX_HARDDISK 5.
Oct 17 02:11:45 gaurav-VirtualBox systemd[1]: Activating swap /dev/disk/by-uuid/dbb3dca8-9ed2-4bb7-a4e9-3cba4b24341c...
Oct 17 02:11:45 gaurav-VirtualBox systemd[1]: Activated swap /dev/disk/by-uuid/dbb3dca8-9ed2-4bb7-a4e9-3cba4b24341c.
Oct 17 02:11:45 gaurav-VirtualBox systemd[1]: Reached target Swap.
Oct 17 02:11:45 gaurav-VirtualBox systemd[1]: Reached target System Initialization.
Oct 17 02:11:45 gaurav-VirtualBox systemd[1]: Started Timer to automatically refresh installed snaps.
Oct 17 02:11:45 gaurav-VirtualBox systemd[1]: Listening on CUPS Scheduler.
Oct 17 02:11:45 gaurav-VirtualBox systemd[1]: Started ACPI Events Check.
Oct 17 02:11:45 gaurav-VirtualBox systemd[1]: Starting Socket activation for snappy daemon.
Oct 17 02:11:45 gaurav-VirtualBox systemd[1]: Listening on UUID daemon activation socket.
Oct 17 02:11:45 gaurav-VirtualBox systemd[1]: Started CUPS Scheduler.
Oct 17 02:11:45 gaurav-VirtualBox systemd[1]: Reached target Paths.
Oct 17 02:11:45 gaurav-VirtualBox systemd[1]: Listening on D-Bus System Message Bus Socket.
Oct 17 02:11:45 gaurav-VirtualBox systemd[1]: Listening on Avahi mDNS/DNS-SD Stack Activation Socket.
Oct 17 02:11:45 gaurav-VirtualBox systemd[1]: Started Daily Cleanup of Temporary Directories.
Oct 17 02:11:45 gaurav-VirtualBox systemd[1]: Listening on ACPID Listen Socket.
Oct 17 02:11:45 gaurav-VirtualBox systemd[1]: Listening on Socket activation for snappy daemon.
Oct 17 02:11:45 gaurav-VirtualBox systemd[1]: Reached target Sockets.
Oct 17 02:11:45 gaurav-VirtualBox systemd[1]: Reached target Basic System.
Oct 17 02:11:45 gaurav-VirtualBox systemd[1]: Starting Modem Manager...
Oct 17 02:11:45 gaurav-VirtualBox systemd[1]: Starting Accounts Service...
Oct 17 02:11:45 gaurav-VirtualBox systemd[1]: Started D-Bus System Message Bus.
Oct 17 02:11:45 gaurav-VirtualBox dbus[705]: [system] AppArmor D-Bus mediation is enabled
Oct 17 02:11:45 gaurav-VirtualBox systemd[1]: Started ACPI event daemon.
Oct 17 02:11:45 gaurav-VirtualBox systemd[1]: Starting LSB: Record successful boot for GRUB...
Oct 17 02:11:45 gaurav-VirtualBox systemd[1]: Starting Permit User Sessions...
Oct 17 02:11:45 gaurav-VirtualBox systemd[1]: Starting Detect the available GPUs and deal with any system changes...
Oct 17 02:11:45 gaurav-VirtualBox systemd[1]: Starting Restore /etc/resolv.conf if the system crashed before the ppp link was shut down...
Oct 17 02:11:45 gaurav-VirtualBox systemd[1]: Starting System Logging Service...
Oct 17 02:11:45 gaurav-VirtualBox systemd[1]: Starting Avahi mDNS/DNS-SD Stack...
Oct 17 02:11:45 gaurav-VirtualBox systemd[1]: Starting LSB: Set the CPU Frequency Scaling governor to "ondemand"...
Oct 17 02:11:45 gaurav-VirtualBox systemd[1]: Started CUPS Scheduler.
Oct 17 02:11:45 gaurav-VirtualBox systemd[1]: Starting LSB: daemon to balance interrupts for SMP systems...
Oct 17 02:11:45 gaurav-VirtualBox systemd[1]: Starting Network Manager...
Oct 17 02:11:45 gaurav-VirtualBox systemd[1]: Starting Thermal Daemon Service...
Oct 17 02:11:45 gaurav-VirtualBox gpu-manager[712]: /etc/modprobe.d is not a file
Oct 17 02:11:45 gaurav-VirtualBox gpu-manager[712]: message repeated 4 times: [ /etc/modprobe.d is not a file]
Oct 17 02:11:45 gaurav-VirtualBox gpu-manager[712]: Error: can't open /lib/modules/4.10.0-28-generic/updates/dkms
Oct 17 02:11:45 gaurav-VirtualBox gpu-manager[712]: Error: can't open /lib/modules/4.10.0-28-generic/updates/dkms
Oct 17 02:11:45 gaurav-VirtualBox systemd[1]: Started Regular background program processing daemon.
Oct 17 02:11:45 gaurav-VirtualBox systemd[1]: Starting LSB: automatic crash report generation...
Oct 17 02:11:45 gaurav-VirtualBox systemd[1]: Starting Save/Restore Sound Card State...
Oct 17 02:11:45 gaurav-VirtualBox systemd[1]: Starting Login Service...
Oct 17 02:11:45 gaurav-VirtualBox systemd[1]: Starting LSB: Speech Dispatcher...
Oct 17 02:11:45 gaurav-VirtualBox systemd[1]: Started Snappy daemon.
Oct 17 02:11:45 gaurav-VirtualBox systemd[1]: Starting Auto import assertions from block devices...
Oct 17 02:11:45 gaurav-VirtualBox systemd[1]: Started Permit User Sessions.
Oct 17 02:11:45 gaurav-VirtualBox systemd[1]: Started Restore /etc/resolv.conf if the system crashed before the ppp link was shut down.
Oct 17 02:11:45 gaurav-VirtualBox acpid: starting up with netlink and the input layer
Oct 17 02:11:45 gaurav-VirtualBox acpid: 9 rules loaded
Oct 17 02:11:45 gaurav-VirtualBox acpid: waiting for events: event logging is off
Oct 17 02:11:45 gaurav-VirtualBox snap[755]: auto-import is disabled on classic
Oct 17 02:11:45 gaurav-VirtualBox systemd[1]: Started Auto import assertions from block devices.
Oct 17 02:11:45 gaurav-VirtualBox dbus[705]: [system] Activating via systemd: service name='org.freedesktop.PolicyKit1' unit='polkitd.service'
Oct 17 02:11:45 gaurav-VirtualBox alsactl[759]: /usr/sbin/alsactl: load_state:1683: Cannot open /var/lib/alsa/asound.state for reading: No such file or directory
Oct 17 02:11:45 gaurav-VirtualBox cron[746]: (CRON) INFO (pidfile fd = 3)
Oct 17 02:11:45 gaurav-VirtualBox cron[746]: (CRON) INFO (Running @reboot jobs)
Oct 17 02:11:45 gaurav-VirtualBox ModemManager[703]: <info>  ModemManager (version 1.4.12) starting in system bus...
Oct 17 02:11:45 gaurav-VirtualBox avahi-daemon[715]: Found user 'avahi' (UID 111) and group 'avahi' (GID 120).
Oct 17 02:11:45 gaurav-VirtualBox avahi-daemon[715]: Successfully dropped root privileges.
Oct 17 02:11:45 gaurav-VirtualBox systemd[1]: Started System Logging Service.
Oct 17 02:11:45 gaurav-VirtualBox avahi-daemon[715]: avahi-daemon 0.6.32-rc starting up.
Oct 17 02:11:45 gaurav-VirtualBox avahi-daemon[715]: Successfully called chroot().
Oct 17 02:11:45 gaurav-VirtualBox avahi-daemon[715]: Successfully dropped remaining capabilities.
Oct 17 02:11:45 gaurav-VirtualBox avahi-daemon[715]: No service file found in /etc/avahi/services.
Oct 17 02:11:45 gaurav-VirtualBox avahi-daemon[715]: Network interface enumeration completed.
Oct 17 02:11:45 gaurav-VirtualBox avahi-daemon[715]: Server startup complete. Host name is gaurav-VirtualBox.local. Local service cookie is 2002413452.
Oct 17 02:11:45 gaurav-VirtualBox speech-dispatcher[750]:  * speech-dispatcher disabled; edit /etc/default/speech-dispatcher
Oct 17 02:11:45 gaurav-VirtualBox irqbalance[725]:  * Starting SMP IRQ Balancer: irqbalance
Oct 17 02:11:45 gaurav-VirtualBox apport[747]:  * Starting automatic crash report generation: apport
Oct 17 02:11:45 gaurav-VirtualBox systemd[1]: Started LSB: Speech Dispatcher.
Oct 17 02:11:45 gaurav-VirtualBox systemd[1]: Started Avahi mDNS/DNS-SD Stack.
Oct 17 02:11:45 gaurav-VirtualBox systemd[1]: Started Thermal Daemon Service.
Oct 17 02:11:45 gaurav-VirtualBox thermald[727]: NO RAPL sysfs present
Oct 17 02:11:45 gaurav-VirtualBox thermald[727]: 22 CPUID levels; family:model:stepping 0x6:8e:9 (6:142:9)
Oct 17 02:11:45 gaurav-VirtualBox thermald[727]: Polling mode is enabled: 4
Oct 17 02:11:45 gaurav-VirtualBox thermald[727]: Thermal DTS: No coretemp sysfs found
Oct 17 02:11:45 gaurav-VirtualBox systemd[1]: Started Make remote CUPS printers available locally.
Oct 17 02:11:45 gaurav-VirtualBox thermald[727]: Thermal DTS or hwmon: No Zones present Need to configure manually
Oct 17 02:11:45 gaurav-VirtualBox thermald[727]: No thermal sensors found
Oct 17 02:11:45 gaurav-VirtualBox thermald[727]: THD engine start failed
Oct 17 02:11:45 gaurav-VirtualBox systemd[1]: Starting Authenticate and Authorize Users to Run Privileged Tasks...
Oct 17 02:11:45 gaurav-VirtualBox systemd[1]: Reached target Sound Card.
Oct 17 02:11:45 gaurav-VirtualBox apport[747]:    ...done.
Oct 17 02:11:45 gaurav-VirtualBox systemd[1]: Started LSB: automatic crash report generation.
Oct 17 02:11:45 gaurav-VirtualBox systemd[1]: Started CUPS Scheduler.
Oct 17 02:11:45 gaurav-VirtualBox alsactl[759]: Found hardware: "ICH" "Analog Devices AD1980" "AC97a:41445370" "0x1028" "0x0177"
Oct 17 02:11:45 gaurav-VirtualBox alsactl[759]: Hardware is initialized using a generic method
Oct 17 02:11:45 gaurav-VirtualBox polkitd[796]: started daemon version 0.105 using authority implementation `local' version `0.105'
Oct 17 02:11:45 gaurav-VirtualBox dbus[705]: [system] Successfully activated service 'org.freedesktop.PolicyKit1'
Oct 17 02:11:45 gaurav-VirtualBox systemd[1]: Started Authenticate and Authorize Users to Run Privileged Tasks.
Oct 17 02:11:45 gaurav-VirtualBox accounts-daemon[704]: started daemon version 0.6.40
Oct 17 02:11:45 gaurav-VirtualBox systemd[1]: Started Accounts Service.
Oct 17 02:11:45 gaurav-VirtualBox NetworkManager[726]: <info>  [1508220705.4698] NetworkManager (version 1.2.6) is starting...
Oct 17 02:11:45 gaurav-VirtualBox NetworkManager[726]: <info>  [1508220705.4710] Read config: /etc/NetworkManager/NetworkManager.conf (etc: default-wifi-powersave-on.conf)
Oct 17 02:11:45 gaurav-VirtualBox systemd[1]: Started Save/Restore Sound Card State.
Oct 17 02:11:45 gaurav-VirtualBox NetworkManager[726]: <info>  [1508220705.4805] manager[0x1f2e200]: monitoring kernel firmware directory '/lib/firmware'.
Oct 17 02:11:45 gaurav-VirtualBox NetworkManager[726]: <info>  [1508220705.4820] monitoring ifupdown state file '/run/network/ifstate'.
Oct 17 02:11:45 gaurav-VirtualBox NetworkManager[726]: <info>  [1508220705.4915] dns-mgr[0x1f27940]: init: dns=dnsmasq, rc-manager=resolvconf, plugin=dnsmasq
Oct 17 02:11:45 gaurav-VirtualBox systemd[1]: Started Network Manager.
Oct 17 02:11:45 gaurav-VirtualBox systemd[1]: Starting Network Manager Wait Online...
Oct 17 02:11:45 gaurav-VirtualBox systemd[1]: Reached target Network.
Oct 17 02:11:45 gaurav-VirtualBox systemd[1]: Started Unattended Upgrades Shutdown.
Oct 17 02:11:45 gaurav-VirtualBox systemd[1]: Started Modem Manager.
Oct 17 02:11:45 gaurav-VirtualBox dbus[705]: [system] Activating via systemd: service name='org.freedesktop.nm_dispatcher' unit='dbus-org.freedesktop.nm-dispatcher.service'
Oct 17 02:11:45 gaurav-VirtualBox systemd[1]: Starting Network Manager Script Dispatcher Service...
Oct 17 02:11:45 gaurav-VirtualBox gpu-manager[712]: update-alternatives: error: no alternatives for x86_64-linux-gnu_gfxcore_conf
Oct 17 02:11:45 gaurav-VirtualBox systemd[1]: Started Detect the available GPUs and deal with any system changes.
Oct 17 02:11:45 gaurav-VirtualBox systemd[1]: Starting Light Display Manager...
Oct 17 02:11:45 gaurav-VirtualBox systemd[1]: Started Login Service.
Oct 17 02:11:45 gaurav-VirtualBox systemd[1]: Started LSB: Set the CPU Frequency Scaling governor to "ondemand".
Oct 17 02:11:45 gaurav-VirtualBox /usr/sbin/irqbalance: Balancing is ineffective on systems with a single cpu.  Shutting down
Oct 17 02:11:45 gaurav-VirtualBox irqbalance[725]:    ...done.
Oct 17 02:11:45 gaurav-VirtualBox systemd[1]: Started LSB: daemon to balance interrupts for SMP systems.
Oct 17 02:11:45 gaurav-VirtualBox dbus[705]: [system] Successfully activated service 'org.freedesktop.nm_dispatcher'
Oct 17 02:11:45 gaurav-VirtualBox NetworkManager[726]: <info>  [1508220705.5649] init!
Oct 17 02:11:45 gaurav-VirtualBox NetworkManager[726]: <info>  [1508220705.5651] management mode: unmanaged
Oct 17 02:11:45 gaurav-VirtualBox NetworkManager[726]: <info>  [1508220705.5652] devices added (path: /sys/devices/pci0000:00/0000:00:03.0/net/enp0s3, iface: enp0s3)
Oct 17 02:11:45 gaurav-VirtualBox NetworkManager[726]: <info>  [1508220705.5653] device added (path: /sys/devices/pci0000:00/0000:00:03.0/net/enp0s3, iface: enp0s3): no ifupdown configuration found.
Oct 17 02:11:45 gaurav-VirtualBox NetworkManager[726]: <info>  [1508220705.5653] devices added (path: /sys/devices/virtual/net/lo, iface: lo)
Oct 17 02:11:45 gaurav-VirtualBox dbus[705]: [system] Activating via systemd: service name='org.freedesktop.hostname1' unit='dbus-org.freedesktop.hostname1.service'
Oct 17 02:11:45 gaurav-VirtualBox NetworkManager[726]: <info>  [1508220705.5653] device added (path: /sys/devices/virtual/net/lo, iface: lo): no ifupdown configuration found.
Oct 17 02:11:45 gaurav-VirtualBox NetworkManager[726]: <info>  [1508220705.5653] end _init.
Oct 17 02:11:45 gaurav-VirtualBox NetworkManager[726]: <info>  [1508220705.5653] settings: loaded plugin ifupdown: (C) 2008 Canonical Ltd.  To report bugs please use the NetworkManager mailing list. (/usr/lib/x86_64-linux-gnu/NetworkManager/libnm-settings-plugin-ifupdown.so)
Oct 17 02:11:45 gaurav-VirtualBox NetworkManager[726]: <info>  [1508220705.5653] settings: loaded plugin keyfile: (c) 2007 - 2015 Red Hat, Inc.  To report bugs please use the NetworkManager mailing list.
Oct 17 02:11:45 gaurav-VirtualBox NetworkManager[726]: <info>  [1508220705.5663] SettingsPlugin-Ofono: init!
Oct 17 02:11:45 gaurav-VirtualBox NetworkManager[726]: <warn>  [1508220705.5664] SettingsPlugin-Ofono: file doesn't exist: /var/lib/ofono
Oct 17 02:11:45 gaurav-VirtualBox NetworkManager[726]: <info>  [1508220705.5664] SettingsPlugin-Ofono: end _init.
Oct 17 02:11:45 gaurav-VirtualBox NetworkManager[726]: <info>  [1508220705.5664] settings: loaded plugin ofono: (C) 2013-2016 Canonical Ltd.  To report bugs please use the NetworkManager mailing list. (/usr/lib/x86_64-linux-gnu/NetworkManager/libnm-settings-plugin-ofono.so)
Oct 17 02:11:45 gaurav-VirtualBox NetworkManager[726]: <info>  [1508220705.5664] (32777584) ... get_connections.
Oct 17 02:11:45 gaurav-VirtualBox NetworkManager[726]: <info>  [1508220705.5664] (32777584) ... get_connections (managed=false): return empty list.
Oct 17 02:11:45 gaurav-VirtualBox NetworkManager[726]: <info>  [1508220705.5669] SettingsPlugin-Ofono: (32777744) ... get_connections.
Oct 17 02:11:45 gaurav-VirtualBox NetworkManager[726]: <info>  [1508220705.5669] SettingsPlugin-Ofono: (32777744) connections count: 0
Oct 17 02:11:45 gaurav-VirtualBox NetworkManager[726]: <info>  [1508220705.5669] get unmanaged devices count: 0
Oct 17 02:11:45 gaurav-VirtualBox systemd[1]: Started Network Manager Script Dispatcher Service.
Oct 17 02:11:45 gaurav-VirtualBox systemd[1]: Starting Hostname Service...
Oct 17 02:11:45 gaurav-VirtualBox systemd[1]: Received SIGRTMIN+21 from PID 341 (plymouthd).
Oct 17 02:11:45 gaurav-VirtualBox dbus[705]: [system] Successfully activated service 'org.freedesktop.hostname1'
Oct 17 02:11:45 gaurav-VirtualBox systemd[1]: Started Hostname Service.
Oct 17 02:11:45 gaurav-VirtualBox NetworkManager[726]: <info>  [1508220705.6266] settings: hostname: using hostnamed
Oct 17 02:11:45 gaurav-VirtualBox NetworkManager[726]: <info>  [1508220705.6267] settings: hostname changed from (none) to "gaurav-VirtualBox"
Oct 17 02:11:45 gaurav-VirtualBox NetworkManager[726]: <info>  [1508220705.6268] Using DHCP client 'dhclient'
Oct 17 02:11:45 gaurav-VirtualBox NetworkManager[726]: <info>  [1508220705.6269] manager: WiFi enabled by radio killswitch; enabled by state file
Oct 17 02:11:45 gaurav-VirtualBox NetworkManager[726]: <info>  [1508220705.6269] manager: WWAN enabled by radio killswitch; enabled by state file
Oct 17 02:11:45 gaurav-VirtualBox NetworkManager[726]: <info>  [1508220705.6269] manager: Networking is enabled by state file
Oct 17 02:11:45 gaurav-VirtualBox NetworkManager[726]: <info>  [1508220705.6269] Loaded device plugin: NMVxlanFactory (internal)
Oct 17 02:11:45 gaurav-VirtualBox NetworkManager[726]: <info>  [1508220705.6269] Loaded device plugin: NMVlanFactory (internal)
Oct 17 02:11:45 gaurav-VirtualBox NetworkManager[726]: <info>  [1508220705.6269] Loaded device plugin: NMVethFactory (internal)
Oct 17 02:11:45 gaurav-VirtualBox NetworkManager[726]: <info>  [1508220705.6270] Loaded device plugin: NMTunFactory (internal)
Oct 17 02:11:45 gaurav-VirtualBox NetworkManager[726]: <info>  [1508220705.6270] Loaded device plugin: NMMacvlanFactory (internal)
Oct 17 02:11:45 gaurav-VirtualBox NetworkManager[726]: <info>  [1508220705.6270] Loaded device plugin: NMIPTunnelFactory (internal)
Oct 17 02:11:45 gaurav-VirtualBox NetworkManager[726]: <info>  [1508220705.6270] Loaded device plugin: NMInfinibandFactory (internal)
Oct 17 02:11:45 gaurav-VirtualBox NetworkManager[726]: <info>  [1508220705.6270] Loaded device plugin: NMEthernetFactory (internal)
Oct 17 02:11:45 gaurav-VirtualBox NetworkManager[726]: <info>  [1508220705.6270] Loaded device plugin: NMBridgeFactory (internal)
Oct 17 02:11:45 gaurav-VirtualBox NetworkManager[726]: <info>  [1508220705.6270] Loaded device plugin: NMBondFactory (internal)
Oct 17 02:11:45 gaurav-VirtualBox nm-dispatcher: req:1 'hostname': new request (1 scripts)
Oct 17 02:11:45 gaurav-VirtualBox nm-dispatcher: req:1 'hostname': start running ordered scripts...
Oct 17 02:11:45 gaurav-VirtualBox systemd[1]: Started Light Display Manager.
Oct 17 02:11:45 gaurav-VirtualBox NetworkManager[726]: <info>  [1508220705.7145] Loaded device plugin: NMBluezManager (/usr/lib/x86_64-linux-gnu/NetworkManager/libnm-device-plugin-bluetooth.so)
Oct 17 02:11:45 gaurav-VirtualBox NetworkManager[726]: <info>  [1508220705.7325] Loaded device plugin: NMWifiFactory (/usr/lib/x86_64-linux-gnu/NetworkManager/libnm-device-plugin-wifi.so)
Oct 17 02:11:45 gaurav-VirtualBox NetworkManager[726]: <info>  [1508220705.7359] Loaded device plugin: NMAtmManager (/usr/lib/x86_64-linux-gnu/NetworkManager/libnm-device-plugin-adsl.so)
Oct 17 02:11:45 gaurav-VirtualBox NetworkManager[726]: <info>  [1508220705.7382] Loaded device plugin: NMWwanFactory (/usr/lib/x86_64-linux-gnu/NetworkManager/libnm-device-plugin-wwan.so)
Oct 17 02:11:45 gaurav-VirtualBox NetworkManager[726]: <info>  [1508220705.7400] manager: (enp0s3): new Ethernet device (/org/freedesktop/NetworkManager/Devices/0)
Oct 17 02:11:45 gaurav-VirtualBox NetworkManager[726]: <info>  [1508220705.7411] keyfile: add connection in-memory (c0d0560a-a103-3470-9fdd-1dbe308d24bd,"Wired connection 1")
Oct 17 02:11:45 gaurav-VirtualBox NetworkManager[726]: <info>  [1508220705.7416] settings: (enp0s3): created default wired connection 'Wired connection 1'
Oct 17 02:11:45 gaurav-VirtualBox NetworkManager[726]: <info>  [1508220705.7445] device (enp0s3): state change: unmanaged -> unavailable (reason 'managed') [10 20 2]
Oct 17 02:11:45 gaurav-VirtualBox kernel: [    7.012642] IPv6: ADDRCONF(NETDEV_UP): enp0s3: link is not ready
Oct 17 02:11:45 gaurav-VirtualBox NetworkManager[726]: nm_device_get_device_type: assertion 'NM_IS_DEVICE (self)' failed
Oct 17 02:11:45 gaurav-VirtualBox NetworkManager[726]: <info>  [1508220705.7493] device (lo): link connected
Oct 17 02:11:45 gaurav-VirtualBox kernel: [    7.014779] IPv6: ADDRCONF(NETDEV_UP): enp0s3: link is not ready
Oct 17 02:11:45 gaurav-VirtualBox NetworkManager[726]: <info>  [1508220705.7502] manager: (lo): new Generic device (/org/freedesktop/NetworkManager/Devices/1)
Oct 17 02:11:45 gaurav-VirtualBox kernel: [    7.022232] e1000: enp0s3 NIC Link is Up 1000 Mbps Full Duplex, Flow Control: RX
Oct 17 02:11:45 gaurav-VirtualBox kernel: [    7.022647] IPv6: ADDRCONF(NETDEV_CHANGE): enp0s3: link becomes ready
Oct 17 02:11:45 gaurav-VirtualBox NetworkManager[726]: <info>  [1508220705.7734] urfkill disappeared from the bus
Oct 17 02:11:45 gaurav-VirtualBox NetworkManager[726]: <info>  [1508220705.7864] device (enp0s3): link connected
Oct 17 02:11:45 gaurav-VirtualBox NetworkManager[726]: <info>  [1508220705.7951] ModemManager available in the bus
Oct 17 02:11:45 gaurav-VirtualBox NetworkManager[726]: <info>  [1508220705.7964] ofono is now available
Oct 17 02:11:45 gaurav-VirtualBox NetworkManager[726]: <warn>  [1508220705.7969] failed to enumerate oFono devices: GDBus.Error:org.freedesktop.DBus.Error.ServiceUnknown: The name org.ofono was not provided by any .service files
Oct 17 02:11:45 gaurav-VirtualBox NetworkManager[726]: <info>  [1508220705.7975] device (enp0s3): state change: unavailable -> disconnected (reason 'carrier-changed') [20 30 40]
Oct 17 02:11:45 gaurav-VirtualBox NetworkManager[726]: <info>  [1508220705.8139] policy: auto-activating connection 'Wired connection 1'
Oct 17 02:11:45 gaurav-VirtualBox NetworkManager[726]: <info>  [1508220705.8160] device (enp0s3): Activation: starting connection 'Wired connection 1' (c0d0560a-a103-3470-9fdd-1dbe308d24bd)
Oct 17 02:11:45 gaurav-VirtualBox NetworkManager[726]: <info>  [1508220705.8169] device (enp0s3): state change: disconnected -> prepare (reason 'none') [30 40 0]
Oct 17 02:11:45 gaurav-VirtualBox NetworkManager[726]: <info>  [1508220705.8179] manager: NetworkManager state is now CONNECTING
Oct 17 02:11:45 gaurav-VirtualBox NetworkManager[726]: <info>  [1508220705.8252] device (enp0s3): state change: prepare -> config (reason 'none') [40 50 0]
Oct 17 02:11:45 gaurav-VirtualBox NetworkManager[726]: <info>  [1508220705.8281] device (enp0s3): state change: config -> ip-config (reason 'none') [50 70 0]
Oct 17 02:11:45 gaurav-VirtualBox NetworkManager[726]: <info>  [1508220705.8304] dhcp4 (enp0s3): activation: beginning transaction (timeout in 45 seconds)
Oct 17 02:11:45 gaurav-VirtualBox NetworkManager[726]: <info>  [1508220705.9196] dhcp4 (enp0s3): dhclient started with pid 855
Oct 17 02:11:45 gaurav-VirtualBox dhclient[855]: DHCPDISCOVER on enp0s3 to 255.255.255.255 port 67 interval 3 (xid=0x6458cd17)
Oct 17 02:11:45 gaurav-VirtualBox dhclient[855]: DHCPREQUEST of 10.0.2.15 on enp0s3 to 255.255.255.255 port 67 (xid=0x17cd5864)
Oct 17 02:11:45 gaurav-VirtualBox dhclient[855]: DHCPOFFER of 10.0.2.15 from 10.0.2.2
Oct 17 02:11:45 gaurav-VirtualBox dhclient[855]: DHCPACK of 10.0.2.15 from 10.0.2.2
Oct 17 02:11:45 gaurav-VirtualBox NetworkManager[726]: <info>  [1508220705.9475]   address 10.0.2.15
Oct 17 02:11:45 gaurav-VirtualBox NetworkManager[726]: <info>  [1508220705.9479]   plen 24 (255.255.255.0)
Oct 17 02:11:45 gaurav-VirtualBox NetworkManager[726]: <info>  [1508220705.9480]   gateway 10.0.2.2
Oct 17 02:11:45 gaurav-VirtualBox NetworkManager[726]: <info>  [1508220705.9481]   server identifier 10.0.2.2
Oct 17 02:11:45 gaurav-VirtualBox NetworkManager[726]: <info>  [1508220705.9482]   lease time 86400
Oct 17 02:11:45 gaurav-VirtualBox NetworkManager[726]: <info>  [1508220705.9486]   nameserver '10.0.2.3'
Oct 17 02:11:45 gaurav-VirtualBox NetworkManager[726]: <info>  [1508220705.9487] dhcp4 (enp0s3): state changed unknown -> bound
Oct 17 02:11:45 gaurav-VirtualBox avahi-daemon[715]: Joining mDNS multicast group on interface enp0s3.IPv4 with address 10.0.2.15.
Oct 17 02:11:45 gaurav-VirtualBox avahi-daemon[715]: New relevant interface enp0s3.IPv4 for mDNS.
Oct 17 02:11:45 gaurav-VirtualBox avahi-daemon[715]: Registering new address record for 10.0.2.15 on enp0s3.IPv4.
Oct 17 02:11:45 gaurav-VirtualBox NetworkManager[726]: <info>  [1508220705.9514] device (enp0s3): state change: ip-config -> ip-check (reason 'none') [70 80 0]
Oct 17 02:11:45 gaurav-VirtualBox NetworkManager[726]: <info>  [1508220705.9619] device (enp0s3): state change: ip-check -> secondaries (reason 'none') [80 90 0]
Oct 17 02:11:45 gaurav-VirtualBox NetworkManager[726]: <info>  [1508220705.9672] device (enp0s3): state change: secondaries -> activated (reason 'none') [90 100 0]
Oct 17 02:11:45 gaurav-VirtualBox NetworkManager[726]: <info>  [1508220705.9679] manager: NetworkManager state is now CONNECTED_LOCAL
Oct 17 02:11:45 gaurav-VirtualBox NetworkManager[726]: <info>  [1508220705.9685] manager: NetworkManager state is now CONNECTED_GLOBAL
Oct 17 02:11:45 gaurav-VirtualBox NetworkManager[726]: <info>  [1508220705.9691] policy: set 'Wired connection 1' (enp0s3) as default for IPv4 routing and DNS
Oct 17 02:11:45 gaurav-VirtualBox NetworkManager[726]: <info>  [1508220705.9695] dns-plugin[0x1f414d0]: starting dnsmasq...
Oct 17 02:11:45 gaurav-VirtualBox NetworkManager[726]: <info>  [1508220705.9923] dns-mgr: Writing DNS information to /sbin/resolvconf
Oct 17 02:11:46 gaurav-VirtualBox dnsmasq[865]: started, version 2.75 cache disabled
Oct 17 02:11:46 gaurav-VirtualBox dnsmasq[865]: compile time options: IPv6 GNU-getopt DBus i18n IDN DHCP DHCPv6 no-Lua TFTP conntrack ipset auth DNSSEC loop-detect inotify
Oct 17 02:11:46 gaurav-VirtualBox dnsmasq[865]: DBus support enabled: connected to system bus
Oct 17 02:11:46 gaurav-VirtualBox dnsmasq[865]: warning: no upstream servers configured
Oct 17 02:11:46 gaurav-VirtualBox NetworkManager[726]: <info>  [1508220706.0758] device (enp0s3): Activation: successful, device activated.
Oct 17 02:11:46 gaurav-VirtualBox nm-dispatcher: req:2 'up' [enp0s3]: new request (1 scripts)
Oct 17 02:11:46 gaurav-VirtualBox nm-dispatcher: req:2 'up' [enp0s3]: start running ordered scripts...
Oct 17 02:11:46 gaurav-VirtualBox NetworkManager[726]: <info>  [1508220706.0855] dnsmasq[0x1f414d0]: dnsmasq appeared as :1.16
Oct 17 02:11:46 gaurav-VirtualBox dnsmasq[865]: setting upstream servers from DBus
Oct 17 02:11:46 gaurav-VirtualBox dnsmasq[865]: using nameserver 10.0.2.3#53(via enp0s3)
Oct 17 02:11:46 gaurav-VirtualBox systemd[1]: Started LSB: Record successful boot for GRUB.
Oct 17 02:11:46 gaurav-VirtualBox dhclient[855]: bound to 10.0.2.15 -- renewal in 32996 seconds.
Oct 17 02:11:46 gaurav-VirtualBox /usr/lib/snapd/snapd[754]: daemon.go:250: DEBUG: init done in 690.405s
Oct 17 02:11:46 gaurav-VirtualBox /usr/lib/snapd/snapd[754]: daemon.go:251: started snapd/2.25 (series 16; classic) ubuntu/16.04 (amd64) linux/4.10.0-28-generic.
Oct 17 02:11:46 gaurav-VirtualBox snapd[754]: 2017/10/17 02:11:46.096703 daemon.go:251: started snapd/2.25 (series 16; classic) ubuntu/16.04 (amd64) linux/4.10.0-28-generic.
Oct 17 02:11:46 gaurav-VirtualBox /usr/lib/snapd/snapd[754]: taskrunner.go:367: DEBUG: Running task 1 on Do: Mark system seeded
Oct 17 02:11:46 gaurav-VirtualBox systemd[1]: Created slice User Slice of lightdm.
Oct 17 02:11:46 gaurav-VirtualBox systemd[1]: Starting User Manager for UID 108...
Oct 17 02:11:46 gaurav-VirtualBox systemd[1]: Started Session c1 of user lightdm.
Oct 17 02:11:46 gaurav-VirtualBox systemd[1018]: Reached target Sockets.
Oct 17 02:11:46 gaurav-VirtualBox systemd[1018]: Reached target Timers.
Oct 17 02:11:46 gaurav-VirtualBox systemd[1018]: Reached target Paths.
Oct 17 02:11:46 gaurav-VirtualBox systemd[1018]: Reached target Basic System.
Oct 17 02:11:46 gaurav-VirtualBox systemd[1018]: Reached target Default.
Oct 17 02:11:46 gaurav-VirtualBox systemd[1018]: Startup finished in 12ms.
Oct 17 02:11:46 gaurav-VirtualBox systemd[1]: Started User Manager for UID 108.
Oct 17 02:11:46 gaurav-VirtualBox systemd-udevd[292]: Process '/usr/sbin/alsactl -E HOME=/run/alsa restore 0' failed with exit code 99.
Oct 17 02:11:46 gaurav-VirtualBox org.a11y.atspi.Registry[1046]: SpiRegistry daemon is running with well-known name - org.a11y.atspi.Registry
Oct 17 02:11:46 gaurav-VirtualBox dbus[705]: [system] Activating via systemd: service name='org.bluez' unit='dbus-org.bluez.service'
Oct 17 02:11:47 gaurav-VirtualBox kernel: [    8.305321] floppy0: no floppy controllers found
Oct 17 02:11:47 gaurav-VirtualBox kernel: [    8.305356] work still pending
Oct 17 02:11:47 gaurav-VirtualBox avahi-daemon[715]: Joining mDNS multicast group on interface enp0s3.IPv6 with address fe80::4f3d:d1a9:8a8:6cf7.
Oct 17 02:11:47 gaurav-VirtualBox avahi-daemon[715]: New relevant interface enp0s3.IPv6 for mDNS.
Oct 17 02:11:47 gaurav-VirtualBox avahi-daemon[715]: Registering new address record for fe80::4f3d:d1a9:8a8:6cf7 on enp0s3.*.
Oct 17 02:11:47 gaurav-VirtualBox dbus[705]: [system] Activating via systemd: service name='org.freedesktop.RealtimeKit1' unit='rtkit-daemon.service'
Oct 17 02:11:47 gaurav-VirtualBox systemd[1]: Starting RealtimeKit Scheduling Policy Service...
Oct 17 02:11:47 gaurav-VirtualBox dbus[705]: [system] Successfully activated service 'org.freedesktop.RealtimeKit1'
Oct 17 02:11:47 gaurav-VirtualBox systemd[1]: Started RealtimeKit Scheduling Policy Service.
Oct 17 02:11:47 gaurav-VirtualBox rtkit-daemon[1132]: Successfully called chroot.
Oct 17 02:11:47 gaurav-VirtualBox rtkit-daemon[1132]: Successfully dropped privileges.
Oct 17 02:11:47 gaurav-VirtualBox rtkit-daemon[1132]: Successfully limited resources.
Oct 17 02:11:47 gaurav-VirtualBox rtkit-daemon[1132]: Running.
Oct 17 02:11:47 gaurav-VirtualBox rtkit-daemon[1132]: Successfully made thread 1131 of process 1131 (n/a) owned by '108' high priority at nice level -11.
Oct 17 02:11:47 gaurav-VirtualBox rtkit-daemon[1132]: Supervising 1 threads of 1 processes of 1 users.
Oct 17 02:11:47 gaurav-VirtualBox rtkit-daemon[1132]: Watchdog thread running.
Oct 17 02:11:47 gaurav-VirtualBox rtkit-daemon[1132]: Canary thread running.
Oct 17 02:11:47 gaurav-VirtualBox org.gnome.ScreenSaver[1031]: ** (gnome-screensaver:1103): WARNING **: Couldn't get presence status: No such interface 'org.freedesktop.DBus.Properties' on object at path /org/gnome/SessionManager/Presence
Oct 17 02:11:47 gaurav-VirtualBox org.gnome.ScreenSaver[1031]: ** (gnome-screensaver:1103): WARNING **: screensaver already running in this session
Oct 17 02:11:47 gaurav-VirtualBox pulseaudio[1131]: [pulseaudio] alsa-util.c: Disabling timer-based scheduling because running inside a VM.
Oct 17 02:11:47 gaurav-VirtualBox pulseaudio[1131]: [pulseaudio] sink.c: Default and alternate sample rates are the same.
Oct 17 02:11:47 gaurav-VirtualBox rtkit-daemon[1132]: Supervising 1 threads of 1 processes of 1 users.
Oct 17 02:11:47 gaurav-VirtualBox rtkit-daemon[1132]: Successfully made thread 1140 of process 1131 (n/a) owned by '108' RT at priority 5.
Oct 17 02:11:47 gaurav-VirtualBox rtkit-daemon[1132]: Supervising 2 threads of 1 processes of 1 users.
Oct 17 02:11:47 gaurav-VirtualBox pulseaudio[1131]: [pulseaudio] alsa-util.c: Disabling timer-based scheduling because running inside a VM.
Oct 17 02:11:47 gaurav-VirtualBox rtkit-daemon[1132]: Supervising 2 threads of 1 processes of 1 users.
Oct 17 02:11:47 gaurav-VirtualBox rtkit-daemon[1132]: Successfully made thread 1141 of process 1131 (n/a) owned by '108' RT at priority 5.
Oct 17 02:11:47 gaurav-VirtualBox rtkit-daemon[1132]: Supervising 3 threads of 1 processes of 1 users.
Oct 17 02:11:47 gaurav-VirtualBox pulseaudio[1131]: [pulseaudio] authkey.c: Failed to open cookie file '/var/lib/lightdm/.config/pulse/cookie': No such file or directory
Oct 17 02:11:47 gaurav-VirtualBox pulseaudio[1131]: [pulseaudio] authkey.c: Failed to load authentication key '/var/lib/lightdm/.config/pulse/cookie': No such file or directory
Oct 17 02:11:47 gaurav-VirtualBox pulseaudio[1131]: [pulseaudio] authkey.c: Failed to open cookie file '/var/lib/lightdm/.pulse-cookie': No such file or directory
Oct 17 02:11:47 gaurav-VirtualBox pulseaudio[1131]: [pulseaudio] authkey.c: Failed to load authentication key '/var/lib/lightdm/.pulse-cookie': No such file or directory
Oct 17 02:11:47 gaurav-VirtualBox ModemManager[703]: <info>  Couldn't find support for device at '/sys/devices/pci0000:00/0000:00:03.0': not supported by any plugin
Oct 17 02:11:48 gaurav-VirtualBox dbus[705]: [system] Activating via systemd: service name='org.freedesktop.UPower' unit='upower.service'
Oct 17 02:11:48 gaurav-VirtualBox systemd[1]: Starting Daemon for power management...
Oct 17 02:11:48 gaurav-VirtualBox dbus[705]: [system] Successfully activated service 'org.freedesktop.UPower'
Oct 17 02:11:48 gaurav-VirtualBox systemd[1]: Started Daemon for power management.
Oct 17 02:11:48 gaurav-VirtualBox dbus[705]: [system] Activating via systemd: service name='org.freedesktop.ColorManager' unit='colord.service'
Oct 17 02:11:48 gaurav-VirtualBox systemd[1]: Starting Manage, Install and Generate Color Profiles...
Oct 17 02:11:48 gaurav-VirtualBox dbus[705]: [system] Successfully activated service 'org.freedesktop.ColorManager'
Oct 17 02:11:48 gaurav-VirtualBox systemd[1]: Started Manage, Install and Generate Color Profiles.
Oct 17 02:11:50 gaurav-VirtualBox NetworkManager[726]: <info>  [1508220710.8812] manager: startup complete
Oct 17 02:11:50 gaurav-VirtualBox systemd[1]: Started Network Manager Wait Online.
Oct 17 02:11:50 gaurav-VirtualBox systemd[1]: Reached target Network is Online.
Oct 17 02:11:50 gaurav-VirtualBox systemd[1]: Starting /etc/rc.local Compatibility...
Oct 17 02:11:50 gaurav-VirtualBox systemd[1]: Started crash report submission daemon.
Oct 17 02:11:50 gaurav-VirtualBox systemd[1]: Started Daily apt download activities.
Oct 17 02:11:50 gaurav-VirtualBox systemd[1]: Started Daily apt upgrade and clean activities.
Oct 17 02:11:50 gaurav-VirtualBox systemd[1]: Reached target Timers.
Oct 17 02:11:50 gaurav-VirtualBox systemd[1]: Started /etc/rc.local Compatibility.
Oct 17 02:11:50 gaurav-VirtualBox systemd[1]: Starting Hold until boot process finishes up...
Oct 17 02:11:50 gaurav-VirtualBox systemd[1]: Started Hold until boot process finishes up.
Oct 17 02:11:50 gaurav-VirtualBox systemd[1]: Starting Set console scheme...
Oct 17 02:11:50 gaurav-VirtualBox systemd[1]: Started Getty on tty1.
Oct 17 02:11:50 gaurav-VirtualBox systemd[1]: Reached target Login Prompts.
Oct 17 02:11:50 gaurav-VirtualBox systemd[1]: Reached target Multi-User System.
Oct 17 02:11:50 gaurav-VirtualBox systemd[1]: Reached target Graphical Interface.
Oct 17 02:11:50 gaurav-VirtualBox systemd[1]: Starting Update UTMP about System Runlevel Changes...
Oct 17 02:11:50 gaurav-VirtualBox systemd[1]: Started Set console scheme.
Oct 17 02:11:50 gaurav-VirtualBox whoopsie[1175]: [02:11:50] Using lock path: /var/lock/whoopsie/lock
Oct 17 02:11:50 gaurav-VirtualBox systemd[1]: Started Update UTMP about System Runlevel Changes.
Oct 17 02:11:50 gaurav-VirtualBox systemd[1]: Startup finished in 4.177s (kernel) + 7.871s (userspace) = 12.048s.
Oct 17 02:11:50 gaurav-VirtualBox whoopsie[1175]: [02:11:50] The default IPv4 route is: /org/freedesktop/NetworkManager/ActiveConnection/0
Oct 17 02:11:50 gaurav-VirtualBox whoopsie[1175]: [02:11:50] Not a paid data plan: /org/freedesktop/NetworkManager/ActiveConnection/0
Oct 17 02:11:50 gaurav-VirtualBox whoopsie[1175]: [02:11:50] Found usable connection: /org/freedesktop/NetworkManager/ActiveConnection/0
Oct 17 02:11:52 gaurav-VirtualBox org.gtk.vfs.Daemon[1031]: A connection to the bus can't be made
Oct 17 02:11:52 gaurav-VirtualBox systemd[1]: Created slice User Slice of gaurav.
Oct 17 02:11:52 gaurav-VirtualBox systemd[1]: Starting User Manager for UID 1000...
Oct 17 02:11:52 gaurav-VirtualBox systemd[1]: Started Session c2 of user gaurav.
Oct 17 02:11:52 gaurav-VirtualBox systemd[1202]: Reached target Timers.
Oct 17 02:11:52 gaurav-VirtualBox systemd[1202]: Reached target Paths.
Oct 17 02:11:52 gaurav-VirtualBox systemd[1202]: Reached target Sockets.
Oct 17 02:11:52 gaurav-VirtualBox systemd[1202]: Reached target Basic System.
Oct 17 02:11:52 gaurav-VirtualBox systemd[1202]: Reached target Default.
Oct 17 02:11:52 gaurav-VirtualBox systemd[1202]: Startup finished in 38ms.
Oct 17 02:11:52 gaurav-VirtualBox systemd[1]: Started User Manager for UID 1000.
Oct 17 02:11:53 gaurav-VirtualBox org.ayatana.bamf[1335]: bamfdaemon start/running, process 1390
Oct 17 02:11:53 gaurav-VirtualBox org.a11y.Bus[1335]: ** (process:1436): WARNING **: Failed to register client: GDBus.Error:org.freedesktop.DBus.Error.ServiceUnknown: The name org.gnome.SessionManager was not provided by any .service files
Oct 17 02:11:53 gaurav-VirtualBox org.a11y.Bus[1335]: Activating service name='org.a11y.atspi.Registry'
Oct 17 02:11:53 gaurav-VirtualBox org.a11y.Bus[1335]: Successfully activated service 'org.a11y.atspi.Registry'
Oct 17 02:11:53 gaurav-VirtualBox org.a11y.atspi.Registry[1443]: SpiRegistry daemon is running with well-known name - org.a11y.atspi.Registry
Oct 17 02:11:55 gaurav-VirtualBox NetworkManager[726]: <info>  [1508220715.8821] manager: WiFi hardware radio set enabled
Oct 17 02:11:55 gaurav-VirtualBox NetworkManager[726]: <info>  [1508220715.8822] manager: WWAN hardware radio set enabled
Oct 17 02:11:56 gaurav-VirtualBox gnome-session[1529]: gnome-session-is-accelerated: llvmpipe detected.
Oct 17 02:11:56 gaurav-VirtualBox rtkit-daemon[1132]: Successfully made thread 1616 of process 1616 (n/a) owned by '1000' high priority at nice level -11.
Oct 17 02:11:56 gaurav-VirtualBox rtkit-daemon[1132]: Supervising 4 threads of 2 processes of 2 users.
Oct 17 02:11:57 gaurav-VirtualBox pulseaudio[1616]: [pulseaudio] alsa-util.c: Disabling timer-based scheduling because running inside a VM.
Oct 17 02:11:57 gaurav-VirtualBox pulseaudio[1616]: [pulseaudio] sink.c: Default and alternate sample rates are the same.
Oct 17 02:11:57 gaurav-VirtualBox rtkit-daemon[1132]: Supervising 4 threads of 2 processes of 2 users.
Oct 17 02:11:57 gaurav-VirtualBox rtkit-daemon[1132]: Successfully made thread 1632 of process 1616 (n/a) owned by '1000' RT at priority 5.
Oct 17 02:11:57 gaurav-VirtualBox rtkit-daemon[1132]: Supervising 5 threads of 2 processes of 2 users.
Oct 17 02:11:57 gaurav-VirtualBox pulseaudio[1616]: [pulseaudio] alsa-util.c: Disabling timer-based scheduling because running inside a VM.
Oct 17 02:11:57 gaurav-VirtualBox pulseaudio[1616]: [alsa-sink-Intel ICH] alsa-sink.c: ALSA woke us up to write new data to the device, but there was actually nothing to write.
Oct 17 02:11:57 gaurav-VirtualBox pulseaudio[1616]: [alsa-sink-Intel ICH] alsa-sink.c: Most likely this is a bug in the ALSA driver 'snd_intel8x0'. Please report this issue to the ALSA developers.
Oct 17 02:11:57 gaurav-VirtualBox pulseaudio[1616]: [alsa-sink-Intel ICH] alsa-sink.c: We were woken up with POLLOUT set -- however a subsequent snd_pcm_avail() returned 0 or another value < min_avail.
Oct 17 02:11:57 gaurav-VirtualBox rtkit-daemon[1132]: Supervising 5 threads of 2 processes of 2 users.
Oct 17 02:11:57 gaurav-VirtualBox rtkit-daemon[1132]: Successfully made thread 1635 of process 1616 (n/a) owned by '1000' RT at priority 5.
Oct 17 02:11:57 gaurav-VirtualBox rtkit-daemon[1132]: Supervising 6 threads of 2 processes of 2 users.
Oct 17 02:11:57 gaurav-VirtualBox pulseaudio[1616]: [alsa-source-Intel ICH] alsa-source.c: ALSA woke us up to read new data from the device, but there was actually nothing to read.
Oct 17 02:11:57 gaurav-VirtualBox pulseaudio[1616]: [alsa-source-Intel ICH] alsa-source.c: Most likely this is a bug in the ALSA driver 'snd_intel8x0'. Please report this issue to the ALSA developers.
Oct 17 02:11:57 gaurav-VirtualBox pulseaudio[1616]: [alsa-source-Intel ICH] alsa-source.c: We were woken up with POLLIN set -- however a subsequent snd_pcm_avail() returned 0 or another value < min_avail.
Oct 17 02:11:57 gaurav-VirtualBox pulseaudio[1616]: [pulseaudio] authkey.c: Failed to open cookie file '/home/gaurav/.config/pulse/cookie': No such file or directory
Oct 17 02:11:57 gaurav-VirtualBox pulseaudio[1616]: [pulseaudio] authkey.c: Failed to load authentication key '/home/gaurav/.config/pulse/cookie': No such file or directory
Oct 17 02:11:57 gaurav-VirtualBox pulseaudio[1616]: [pulseaudio] authkey.c: Failed to open cookie file '/home/gaurav/.pulse-cookie': No such file or directory
Oct 17 02:11:57 gaurav-VirtualBox pulseaudio[1616]: [pulseaudio] authkey.c: Failed to load authentication key '/home/gaurav/.pulse-cookie': No such file or directory
Oct 17 02:11:57 gaurav-VirtualBox dbus[705]: [system] Activating via systemd: service name='org.freedesktop.locale1' unit='dbus-org.freedesktop.locale1.service'
Oct 17 02:11:57 gaurav-VirtualBox systemd[1]: Starting Locale Service...
Oct 17 02:11:57 gaurav-VirtualBox dbus[705]: [system] Successfully activated service 'org.freedesktop.locale1'
Oct 17 02:11:57 gaurav-VirtualBox systemd[1]: Started Locale Service.
Oct 17 02:11:58 gaurav-VirtualBox org.gnome.ScreenSaver[1335]: ** (gnome-screensaver:1612): WARNING **: Couldn't get presence status: The name org.gnome.SessionManager was not provided by any .service files
Oct 17 02:11:58 gaurav-VirtualBox org.gnome.ScreenSaver[1335]: ** (gnome-screensaver:1612): WARNING **: Config key not handled: picture-opacity
Oct 17 02:11:58 gaurav-VirtualBox org.gnome.ScreenSaver[1335]: ** (gnome-screensaver:1612): WARNING **: Config key not handled: primary-color
Oct 17 02:11:58 gaurav-VirtualBox org.gnome.ScreenSaver[1335]: ** (gnome-screensaver:1612): WARNING **: Config key not handled: secondary-color
Oct 17 02:11:58 gaurav-VirtualBox org.gnome.ScreenSaver[1335]: ** (gnome-screensaver:1612): WARNING **: Config key not handled: color-shading-type
Oct 17 02:11:58 gaurav-VirtualBox org.gnome.ScreenSaver[1335]: ** (gnome-screensaver:1612): WARNING **: Config key not handled: show-notifications
Oct 17 02:11:58 gaurav-VirtualBox org.gnome.ScreenSaver[1335]: ** (gnome-screensaver:1612): WARNING **: Config key not handled: picture-options
Oct 17 02:11:58 gaurav-VirtualBox org.gnome.ScreenSaver[1335]: ** (gnome-screensaver:1612): WARNING **: Config key not handled: show-full-name-in-top-bar
Oct 17 02:11:58 gaurav-VirtualBox org.gnome.ScreenSaver[1335]: ** (gnome-screensaver:1612): WARNING **: Config key not handled: picture-uri
Oct 17 02:11:58 gaurav-VirtualBox org.gnome.ScreenSaver[1335]: ** (gnome-screensaver:1612): WARNING **: Config key not handled: disable-command-line
Oct 17 02:11:58 gaurav-VirtualBox org.gnome.ScreenSaver[1335]: ** (gnome-screensaver:1612): WARNING **: Config key not handled: disable-application-handlers
Oct 17 02:11:58 gaurav-VirtualBox org.gnome.ScreenSaver[1335]: ** (gnome-screensaver:1612): WARNING **: Config key not handled: user-administration-disabled
Oct 17 02:11:58 gaurav-VirtualBox org.gnome.ScreenSaver[1335]: ** (gnome-screensaver:1612): WARNING **: Config key not handled: disable-printing
Oct 17 02:11:58 gaurav-VirtualBox org.gnome.ScreenSaver[1335]: ** (gnome-screensaver:1612): WARNING **: Config key not handled: disable-log-out
Oct 17 02:11:58 gaurav-VirtualBox org.gnome.ScreenSaver[1335]: ** (gnome-screensaver:1612): WARNING **: Config key not handled: disable-print-setup
Oct 17 02:11:58 gaurav-VirtualBox org.gnome.ScreenSaver[1335]: ** (gnome-screensaver:1612): WARNING **: Config key not handled: disable-save-to-disk
Oct 17 02:11:58 gaurav-VirtualBox gnome-session[1529]: SSH_AUTH_SOCK=/run/user/1000/keyring/ssh
Oct 17 02:11:58 gaurav-VirtualBox gnome-session[1529]: SSH_AUTH_SOCK=/run/user/1000/keyring/ssh
Oct 17 02:11:58 gaurav-VirtualBox gnome-session[1529]: SSH_AUTH_SOCK=/run/user/1000/keyring/ssh
Oct 17 02:11:58 gaurav-VirtualBox gnome-session-binary[1529]: Entering running state
Oct 17 02:11:59 gaurav-VirtualBox gnome-session[1529]: (process:1720): indicator-application-service-WARNING **: Name Lost
Oct 17 02:11:59 gaurav-VirtualBox dbus[705]: [system] Activating via systemd: service name='org.freedesktop.UDisks2' unit='udisks2.service'
Oct 17 02:11:59 gaurav-VirtualBox systemd[1]: Starting Disk Manager...
Oct 17 02:11:59 gaurav-VirtualBox udisksd[1750]: udisks daemon version 2.1.7 starting
Oct 17 02:11:59 gaurav-VirtualBox dbus[705]: [system] Successfully activated service 'org.freedesktop.UDisks2'
Oct 17 02:11:59 gaurav-VirtualBox systemd[1]: Started Disk Manager.
Oct 17 02:11:59 gaurav-VirtualBox udisksd[1750]: Acquired the name org.freedesktop.UDisks2 on the system message bus
Oct 17 02:11:59 gaurav-VirtualBox dbus[705]: [system] Activating service name='org.freedesktop.fwupd' (using servicehelper)
Oct 17 02:11:59 gaurav-VirtualBox org.gtk.vfs.AfcVolumeMonitor[1335]: Volume monitor alive
Oct 17 02:12:01 gaurav-VirtualBox org.freedesktop.fwupd[705]: (fwupd:1778): Fu-WARNING **: Failed to coldplug: UEFI firmware updating not supported
Oct 17 02:12:01 gaurav-VirtualBox dbus[705]: [system] Successfully activated service 'org.freedesktop.fwupd'
Oct 17 02:12:02 gaurav-VirtualBox org.gnome.ScreenSaver[1335]: ** Message: Lost the name, shutting down.
Oct 17 02:12:08 gaurav-VirtualBox com.canonical.Unity.Scope.Applications[1335]: Error loading package indexes: Couldn't stat '/var/cache/software-center/xapian'
Oct 17 02:12:08 gaurav-VirtualBox com.canonical.Unity.Scope.Applications[1335]: (unity-scope-loader:1869): unity-applications-daemon-CRITICAL **: daemon.vala:144: Failed to load Software Center index. 'Apps Available for Download' will not be listed
Oct 17 02:12:08 gaurav-VirtualBox org.gnome.zeitgeist.Engine[1335]: ** (process:1882): WARNING **: zeitgeist-vacuum.vala:38: Impossible to open database `/home/gaurav/.local/share/zeitgeist/activity.sqlite': unable to open database file
Oct 17 02:12:08 gaurav-VirtualBox org.gnome.zeitgeist.SimpleIndexer[1335]: ** Message: Index must be upgraded. Doing full rebuild
Oct 17 02:12:08 gaurav-VirtualBox org.gnome.zeitgeist.SimpleIndexer[1335]: ** (zeitgeist-fts:1893): WARNING **: Unable to get info on application://zeitgeist-datahub.desktop
Oct 17 02:12:08 gaurav-VirtualBox org.gnome.zeitgeist.SimpleIndexer[1335]: ** (zeitgeist-fts:1893): WARNING **: Unable to get info on application://gcalctool.desktop
Oct 17 02:12:11 gaurav-VirtualBox pulseaudio[1616]: [pulseaudio] bluez5-util.c: GetManagedObjects() failed: org.freedesktop.DBus.Error.TimedOut: Failed to activate service 'org.bluez': timed out
Oct 17 02:12:11 gaurav-VirtualBox pulseaudio[1131]: [pulseaudio] bluez5-util.c: GetManagedObjects() failed: org.freedesktop.DBus.Error.TimedOut: Failed to activate service 'org.bluez': timed out
Oct 17 02:14:56 gaurav-VirtualBox systemd-timesyncd[329]: Synchronized to time server 91.189.89.198:123 (ntp.ubuntu.com).
Oct 17 02:14:56 gaurav-VirtualBox systemd[1202]: Time has been changed
Oct 17 02:14:56 gaurav-VirtualBox systemd[1018]: Time has been changed
Oct 17 02:14:56 gaurav-VirtualBox systemd[1]: Time has been changed
Oct 17 02:15:00 gaurav-VirtualBox gnome-session[1529]: ** (zeitgeist-datahub:1978): WARNING **: zeitgeist-datahub.vala:229: Unable to get name "org.gnome.zeitgeist.datahub" on the bus!
Oct 17 02:15:41 gaurav-VirtualBox dbus[705]: [system] Activating via systemd: service name='org.freedesktop.hostname1' unit='dbus-org.freedesktop.hostname1.service'
Oct 17 02:15:41 gaurav-VirtualBox systemd[1]: Starting Hostname Service...
Oct 17 02:15:41 gaurav-VirtualBox dbus[705]: [system] Successfully activated service 'org.freedesktop.hostname1'
Oct 17 02:15:41 gaurav-VirtualBox systemd[1]: Started Hostname Service.
Oct 17 02:15:41 gaurav-VirtualBox gnome-session[1529]: Nautilus-Share-Message: Called "net usershare info" but it failed: Failed to execute child process "net" (No such file or directory)
Oct 17 02:15:44 gaurav-VirtualBox org.gtk.vfs.Daemon[1335]: ** (gvfsd:1401): WARNING **: dbus_mount_reply: Error from org.gtk.vfs.Mountable.mount(): Failed to retrieve share list from server: Connection refused
Oct 17 02:15:44 gaurav-VirtualBox org.gtk.vfs.Daemon[1335]: ** (process:2010): WARNING **: Couldn't create directory monitor on smb://x-gnome-default-workgroup/. Error: The specified location is not mounted
Oct 17 02:15:47 gaurav-VirtualBox org.gtk.vfs.Daemon[1335]: ** (gvfsd:1401): WARNING **: dbus_mount_reply: Error from org.gtk.vfs.Mountable.mount(): Failed to retrieve share list from server: Connection refused
Oct 17 02:15:47 gaurav-VirtualBox org.gtk.vfs.Daemon[1335]: ** (process:2021): WARNING **: Couldn't create directory monitor on smb://x-gnome-default-workgroup/. Error: The specified location is not mounted
Oct 17 02:16:28 gaurav-VirtualBox systemd[1]: Stopping User Manager for UID 108...
Oct 17 02:16:28 gaurav-VirtualBox systemd[1018]: Reached target Shutdown.
Oct 17 02:16:28 gaurav-VirtualBox systemd[1018]: Starting Exit the Session...
Oct 17 02:16:28 gaurav-VirtualBox systemd[1018]: Stopped target Default.
Oct 17 02:16:28 gaurav-VirtualBox systemd[1018]: Stopped target Basic System.
Oct 17 02:16:28 gaurav-VirtualBox systemd[1018]: Stopped target Sockets.
